Component: ARM Compiler 5.06 update 4 (build 422) Tool: armlink [4d35d2]

==============================================================================

Section Cross References

    startup_gd32f450_470.o(RESET) refers to startup_gd32f450_470.o(STACK) for __initial_sp
    startup_gd32f450_470.o(RESET) refers to startup_gd32f450_470.o(.text) for Reset_Handler
    startup_gd32f450_470.o(RESET) refers to gd32f4xx_it.o(i.NMI_Handler) for NMI_Handler
    startup_gd32f450_470.o(RESET) refers to gd32f4xx_it.o(i.MemManage_Handler) for MemManage_Handler
    startup_gd32f450_470.o(RESET) refers to gd32f4xx_it.o(i.BusFault_Handler) for BusFault_Handler
    startup_gd32f450_470.o(RESET) refers to gd32f4xx_it.o(i.UsageFault_Handler) for UsageFault_Handler
    startup_gd32f450_470.o(RESET) refers to gd32f4xx_it.o(i.SVC_Handler) for SVC_Handler
    startup_gd32f450_470.o(RESET) refers to gd32f4xx_it.o(i.DebugMon_Handler) for DebugMon_Handler
    startup_gd32f450_470.o(RESET) refers to gd32f4xx_it.o(i.PendSV_Handler) for PendSV_Handler
    startup_gd32f450_470.o(RESET) refers to gd32f4xx_it.o(i.SysTick_Handler) for SysTick_Handler
    startup_gd32f450_470.o(RESET) refers to md_app.o(i.TIMER2_IRQHandler) for TIMER2_IRQHandler
    startup_gd32f450_470.o(.text) refers to system_gd32f4xx.o(i.SystemInit) for SystemInit
    startup_gd32f450_470.o(.text) refers to entry.o(.ARM.Collect$$$$00000000) for __main
    gd32f4xx_it.o(i.SysTick_Handler) refers to bsp_systick.o(i.TimingDelay_Decrement) for TimingDelay_Decrement
    main.o(i.main) refers to md_app.o(i.bsp_init) for bsp_init
    main.o(i.main) refers to md_app.o(i.test) for test
    system_gd32f4xx.o(i.SystemCoreClockUpdate) refers to system_gd32f4xx.o(.data) for SystemCoreClock
    system_gd32f4xx.o(i.SystemInit) refers to system_gd32f4xx.o(i.system_clock_config) for system_clock_config
    system_gd32f4xx.o(i.system_clock_config) refers to system_gd32f4xx.o(i.system_clock_200m_25m_hxtal) for system_clock_200m_25m_hxtal
    gd32f4xx_adc.o(i.adc_deinit) refers to gd32f4xx_rcu.o(i.rcu_periph_reset_enable) for rcu_periph_reset_enable
    gd32f4xx_adc.o(i.adc_deinit) refers to gd32f4xx_rcu.o(i.rcu_periph_reset_disable) for rcu_periph_reset_disable
    gd32f4xx_can.o(i.can_debug_freeze_disable) refers to gd32f4xx_dbg.o(i.dbg_periph_disable) for dbg_periph_disable
    gd32f4xx_can.o(i.can_debug_freeze_enable) refers to gd32f4xx_dbg.o(i.dbg_periph_enable) for dbg_periph_enable
    gd32f4xx_can.o(i.can_deinit) refers to gd32f4xx_rcu.o(i.rcu_periph_reset_enable) for rcu_periph_reset_enable
    gd32f4xx_can.o(i.can_deinit) refers to gd32f4xx_rcu.o(i.rcu_periph_reset_disable) for rcu_periph_reset_disable
    gd32f4xx_can.o(i.can_interrupt_flag_get) refers to gd32f4xx_can.o(i.can_receive_message_length_get) for can_receive_message_length_get
    gd32f4xx_can.o(i.can_interrupt_flag_get) refers to gd32f4xx_can.o(i.can_error_get) for can_error_get
    gd32f4xx_ctc.o(i.ctc_deinit) refers to gd32f4xx_rcu.o(i.rcu_periph_reset_enable) for rcu_periph_reset_enable
    gd32f4xx_ctc.o(i.ctc_deinit) refers to gd32f4xx_rcu.o(i.rcu_periph_reset_disable) for rcu_periph_reset_disable
    gd32f4xx_dac.o(i.dac_deinit) refers to gd32f4xx_rcu.o(i.rcu_periph_reset_enable) for rcu_periph_reset_enable
    gd32f4xx_dac.o(i.dac_deinit) refers to gd32f4xx_rcu.o(i.rcu_periph_reset_disable) for rcu_periph_reset_disable
    gd32f4xx_dci.o(i.dci_deinit) refers to gd32f4xx_rcu.o(i.rcu_periph_reset_enable) for rcu_periph_reset_enable
    gd32f4xx_dci.o(i.dci_deinit) refers to gd32f4xx_rcu.o(i.rcu_periph_reset_disable) for rcu_periph_reset_disable
    gd32f4xx_enet.o(i.enet_deinit) refers to gd32f4xx_rcu.o(i.rcu_periph_reset_enable) for rcu_periph_reset_enable
    gd32f4xx_enet.o(i.enet_deinit) refers to gd32f4xx_rcu.o(i.rcu_periph_reset_disable) for rcu_periph_reset_disable
    gd32f4xx_enet.o(i.enet_deinit) refers to gd32f4xx_enet.o(i.enet_initpara_reset) for enet_initpara_reset
    gd32f4xx_enet.o(i.enet_descriptors_chain_init) refers to gd32f4xx_enet.o(.bss) for txdesc_tab
    gd32f4xx_enet.o(i.enet_descriptors_chain_init) refers to gd32f4xx_enet.o(.data) for dma_current_txdesc
    gd32f4xx_enet.o(i.enet_descriptors_ring_init) refers to gd32f4xx_enet.o(.bss) for txdesc_tab
    gd32f4xx_enet.o(i.enet_descriptors_ring_init) refers to gd32f4xx_enet.o(.data) for dma_current_txdesc
    gd32f4xx_enet.o(i.enet_disable) refers to gd32f4xx_enet.o(i.enet_tx_disable) for enet_tx_disable
    gd32f4xx_enet.o(i.enet_disable) refers to gd32f4xx_enet.o(i.enet_rx_disable) for enet_rx_disable
    gd32f4xx_enet.o(i.enet_enable) refers to gd32f4xx_enet.o(i.enet_tx_enable) for enet_tx_enable
    gd32f4xx_enet.o(i.enet_enable) refers to gd32f4xx_enet.o(i.enet_rx_enable) for enet_rx_enable
    gd32f4xx_enet.o(i.enet_frame_receive) refers to gd32f4xx_enet.o(.data) for dma_current_rxdesc
    gd32f4xx_enet.o(i.enet_frame_transmit) refers to gd32f4xx_enet.o(.data) for dma_current_txdesc
[...]
    Removing gd32f4xx_spi.o(i.spi_i2s_data_receive), (8 bytes).
    Removing gd32f4xx_spi.o(i.spi_i2s_data_transmit), (4 bytes).
    Removing gd32f4xx_spi.o(i.spi_i2s_deinit), (172 bytes).
    Removing gd32f4xx_spi.o(i.spi_i2s_flag_get), (16 bytes).
    Removing gd32f4xx_spi.o(i.spi_i2s_interrupt_disable), (48 bytes).
    Removing gd32f4xx_spi.o(i.spi_i2s_interrupt_enable), (48 bytes).
    Removing gd32f4xx_spi.o(i.spi_i2s_interrupt_flag_get), (112 bytes).
    Removing gd32f4xx_spi.o(i.spi_init), (50 bytes).
    Removing gd32f4xx_spi.o(i.spi_nss_internal_high), (10 bytes).
    Removing gd32f4xx_spi.o(i.spi_nss_internal_low), (10 bytes).
    Removing gd32f4xx_spi.o(i.spi_nss_output_disable), (10 bytes).
    Removing gd32f4xx_spi.o(i.spi_nss_output_enable), (10 bytes).
    Removing gd32f4xx_spi.o(i.spi_quad_disable), (14 bytes).
    Removing gd32f4xx_spi.o(i.spi_quad_enable), (14 bytes).
    Removing gd32f4xx_spi.o(i.spi_quad_io23_output_disable), (14 bytes).
    Removing gd32f4xx_spi.o(i.spi_quad_io23_output_enable), (14 bytes).
    Removing gd32f4xx_spi.o(i.spi_quad_read_enable), (14 bytes).
    Removing gd32f4xx_spi.o(i.spi_quad_write_enable), (14 bytes).
    Removing gd32f4xx_spi.o(i.spi_struct_para_init), (18 bytes).
    Removing gd32f4xx_spi.o(i.spi_ti_mode_disable), (10 bytes).
    Removing gd32f4xx_spi.o(i.spi_ti_mode_enable), (10 bytes).
    Removing gd32f4xx_syscfg.o(.rev16_text), (4 bytes).
    Removing gd32f4xx_syscfg.o(.revsh_text), (4 bytes).
    Removing gd32f4xx_syscfg.o(i.syscfg_bootmode_config), (28 bytes).
    Removing gd32f4xx_syscfg.o(i.syscfg_compensation_config), (24 bytes).
    Removing gd32f4xx_syscfg.o(i.syscfg_deinit), (20 bytes).
    Removing gd32f4xx_syscfg.o(i.syscfg_exmc_swap_config), (24 bytes).
    Removing gd32f4xx_syscfg.o(i.syscfg_exti_line_config), (172 bytes).
    Removing gd32f4xx_syscfg.o(i.syscfg_flag_get), (24 bytes).
    Removing gd32f4xx_syscfg.o(i.syscfg_fmc_swap_config), (24 bytes).
    Removing gd32f4xx_timer.o(.rev16_text), (4 bytes).
    Removing gd32f4xx_timer.o(.revsh_text), (4 bytes).
    Removing gd32f4xx_timer.o(i.timer_auto_reload_shadow_disable), (10 bytes).
    Removing gd32f4xx_timer.o(i.timer_auto_reload_shadow_enable), (10 bytes).
    Removing gd32f4xx_timer.o(i.timer_automatic_output_disable), (10 bytes).
    Removing gd32f4xx_timer.o(i.timer_automatic_output_enable), (10 bytes).
    Removing gd32f4xx_timer.o(i.timer_autoreload_value_config), (4 bytes).
    Removing gd32f4xx_timer.o(i.timer_break_config), (30 bytes).
    Removing gd32f4xx_timer.o(i.timer_break_disable), (10 bytes).
    Removing gd32f4xx_timer.o(i.timer_break_enable), (10 bytes).
    Removing gd32f4xx_timer.o(i.timer_break_struct_para_init), (18 bytes).
    Removing gd32f4xx_timer.o(i.timer_channel_capture_value_register_read), (42 bytes).
    Removing gd32f4xx_timer.o(i.timer_channel_complementary_output_polarity_config), (70 bytes).
    Removing gd32f4xx_timer.o(i.timer_channel_complementary_output_state_config), (70 bytes).
    Removing gd32f4xx_timer.o(i.timer_channel_control_shadow_config), (24 bytes).
    Removing gd32f4xx_timer.o(i.timer_channel_control_shadow_update_config), (26 bytes).
    Removing gd32f4xx_timer.o(i.timer_channel_dma_request_source_select), (26 bytes).
    Removing gd32f4xx_timer.o(i.timer_channel_input_capture_prescaler_config), (90 bytes).
    Removing gd32f4xx_timer.o(i.timer_channel_input_struct_para_init), (16 bytes).
    Removing gd32f4xx_timer.o(i.timer_channel_output_clear_config), (90 bytes).
    Removing gd32f4xx_timer.o(i.timer_channel_output_config), (492 bytes).
    Removing gd32f4xx_timer.o(i.timer_channel_output_fast_config), (90 bytes).
    Removing gd32f4xx_timer.o(i.timer_channel_output_mode_config), (90 bytes).
    Removing gd32f4xx_timer.o(i.timer_channel_output_polarity_config), (92 bytes).
    Removing gd32f4xx_timer.o(i.timer_channel_output_pulse_value_config), (38 bytes).
    Removing gd32f4xx_timer.o(i.timer_channel_output_shadow_config), (90 bytes).
    Removing gd32f4xx_timer.o(i.timer_channel_output_state_config), (92 bytes).
    Removing gd32f4xx_timer.o(i.timer_channel_output_struct_para_init), (16 bytes).
    Removing gd32f4xx_timer.o(i.timer_channel_remap_config), (4 bytes).
    Removing gd32f4xx_timer.o(i.timer_counter_alignment), (16 bytes).
    Removing gd32f4xx_timer.o(i.timer_counter_down_direction), (10 bytes).
    Removing gd32f4xx_timer.o(i.timer_counter_read), (8 bytes).
    Removing gd32f4xx_timer.o(i.timer_counter_up_direction), (10 bytes).
    Removing gd32f4xx_timer.o(i.timer_counter_value_config), (4 bytes).
    Removing gd32f4xx_timer.o(i.timer_disable), (10 bytes).
    Removing gd32f4xx_timer.o(i.timer_dma_disable), (8 bytes).
    Removing gd32f4xx_timer.o(i.timer_dma_enable), (8 bytes).
    Removing gd32f4xx_timer.o(i.timer_dma_transfer_config), (24 bytes).
    Removing gd32f4xx_timer.o(i.timer_event_software_generate), (8 bytes).
    Removing gd32f4xx_timer.o(i.timer_external_clock_mode0_config), (40 bytes).
    Removing gd32f4xx_timer.o(i.timer_external_clock_mode1_config), (32 bytes).
    Removing gd32f4xx_timer.o(i.timer_external_clock_mode1_disable), (10 bytes).
    Removing gd32f4xx_timer.o(i.timer_external_trigger_as_external_clock_config), (166 bytes).
    Removing gd32f4xx_timer.o(i.timer_external_trigger_config), (30 bytes).
    Removing gd32f4xx_timer.o(i.timer_flag_clear), (6 bytes).
    Removing gd32f4xx_timer.o(i.timer_flag_get), (16 bytes).
    Removing gd32f4xx_timer.o(i.timer_hall_mode_config), (26 bytes).
    Removing gd32f4xx_timer.o(i.timer_input_capture_config), (326 bytes).
    Removing gd32f4xx_timer.o(i.timer_input_pwm_capture_config), (356 bytes).
    Removing gd32f4xx_timer.o(i.timer_input_trigger_source_select), (16 bytes).
    Removing gd32f4xx_timer.o(i.timer_internal_clock_config), (10 bytes).
    Removing gd32f4xx_timer.o(i.timer_internal_trigger_as_external_clock_config), (32 bytes).
    Removing gd32f4xx_timer.o(i.timer_interrupt_disable), (8 bytes).
    Removing gd32f4xx_timer.o(i.timer_master_output_trigger_source_select), (16 bytes).
    Removing gd32f4xx_timer.o(i.timer_master_slave_mode_config), (26 bytes).
    Removing gd32f4xx_timer.o(i.timer_output_value_selection_config), (34 bytes).
    Removing gd32f4xx_timer.o(i.timer_prescaler_config), (14 bytes).
    Removing gd32f4xx_timer.o(i.timer_prescaler_read), (10 bytes).
    Removing gd32f4xx_timer.o(i.timer_primary_output_config), (24 bytes).
    Removing gd32f4xx_timer.o(i.timer_quadrature_decoder_mode_config), (64 bytes).
    Removing gd32f4xx_timer.o(i.timer_repetition_value_config), (4 bytes).
    Removing gd32f4xx_timer.o(i.timer_single_pulse_mode_config), (26 bytes).
    Removing gd32f4xx_timer.o(i.timer_slave_mode_select), (16 bytes).
    Removing gd32f4xx_timer.o(i.timer_struct_para_init), (22 bytes).
    Removing gd32f4xx_timer.o(i.timer_update_event_disable), (10 bytes).
    Removing gd32f4xx_timer.o(i.timer_update_event_enable), (10 bytes).
    Removing gd32f4xx_timer.o(i.timer_update_source_config), (26 bytes).
    Removing gd32f4xx_timer.o(i.timer_write_chxval_register_config), (34 bytes).
    Removing gd32f4xx_tli.o(.rev16_text), (4 bytes).
    Removing gd32f4xx_tli.o(.revsh_text), (4 bytes).
    Removing gd32f4xx_tli.o(i.tli_color_key_disable), (14 bytes).
    Removing gd32f4xx_tli.o(i.tli_color_key_enable), (14 bytes).
    Removing gd32f4xx_tli.o(i.tli_color_key_init), (16 bytes).
    Removing gd32f4xx_tli.o(i.tli_current_pos_get), (12 bytes).
    Removing gd32f4xx_tli.o(i.tli_deinit), (20 bytes).
    Removing gd32f4xx_tli.o(i.tli_disable), (20 bytes).
    Removing gd32f4xx_tli.o(i.tli_dither_config), (36 bytes).
    Removing gd32f4xx_tli.o(i.tli_enable), (20 bytes).
    Removing gd32f4xx_tli.o(i.tli_flag_get), (36 bytes).
    Removing gd32f4xx_tli.o(i.tli_init), (188 bytes).
    Removing gd32f4xx_tli.o(i.tli_interrupt_disable), (16 bytes).
    Removing gd32f4xx_tli.o(i.tli_interrupt_enable), (16 bytes).
    Removing gd32f4xx_tli.o(i.tli_interrupt_flag_clear), (16 bytes).
    Removing gd32f4xx_tli.o(i.tli_interrupt_flag_get), (36 bytes).
    Removing gd32f4xx_tli.o(i.tli_layer_disable), (14 bytes).
    Removing gd32f4xx_tli.o(i.tli_layer_enable), (14 bytes).
    Removing gd32f4xx_tli.o(i.tli_layer_init), (152 bytes).
    Removing gd32f4xx_tli.o(i.tli_layer_struct_para_init), (48 bytes).
    Removing gd32f4xx_tli.o(i.tli_layer_window_offset_modify), (228 bytes).
    Removing gd32f4xx_tli.o(i.tli_line_mark_set), (24 bytes).
    Removing gd32f4xx_tli.o(i.tli_lut_disable), (14 bytes).
    Removing gd32f4xx_tli.o(i.tli_lut_enable), (14 bytes).
    Removing gd32f4xx_tli.o(i.tli_lut_init), (28 bytes).
    Removing gd32f4xx_tli.o(i.tli_lut_struct_para_init), (12 bytes).
    Removing gd32f4xx_tli.o(i.tli_reload_config), (36 bytes).
    Removing gd32f4xx_tli.o(i.tli_struct_para_init), (34 bytes).
    Removing gd32f4xx_trng.o(.rev16_text), (4 bytes).
    Removing gd32f4xx_trng.o(.revsh_text), (4 bytes).
    Removing gd32f4xx_trng.o(i.trng_deinit), (20 bytes).
    Removing gd32f4xx_trng.o(i.trng_disable), (20 bytes).
    Removing gd32f4xx_trng.o(i.trng_enable), (20 bytes).
    Removing gd32f4xx_trng.o(i.trng_flag_get), (24 bytes).
    Removing gd32f4xx_trng.o(i.trng_get_true_random_data), (12 bytes).
    Removing gd32f4xx_trng.o(i.trng_interrupt_disable), (20 bytes).
    Removing gd32f4xx_trng.o(i.trng_interrupt_enable), (20 bytes).
    Removing gd32f4xx_trng.o(i.trng_interrupt_flag_clear), (16 bytes).
    Removing gd32f4xx_trng.o(i.trng_interrupt_flag_get), (24 bytes).
    Removing gd32f4xx_usart.o(.rev16_text), (4 bytes).
    Removing gd32f4xx_usart.o(.revsh_text), (4 bytes).
    Removing gd32f4xx_usart.o(i.usart_address_config), (20 bytes).
    Removing gd32f4xx_usart.o(i.usart_baudrate_set), (232 bytes).
    Removing gd32f4xx_usart.o(i.usart_block_length_config), (28 bytes).
    Removing gd32f4xx_usart.o(i.usart_break_frame_coherence_config), (24 bytes).
    Removing gd32f4xx_usart.o(i.usart_data_first_config), (20 bytes).
    Removing gd32f4xx_usart.o(i.usart_data_receive), (10 bytes).
    Removing gd32f4xx_usart.o(i.usart_data_transmit), (8 bytes).
    Removing gd32f4xx_usart.o(i.usart_deinit), (220 bytes).
    Removing gd32f4xx_usart.o(i.usart_disable), (10 bytes).
    Removing gd32f4xx_usart.o(i.usart_dma_receive_config), (16 bytes).
    Removing gd32f4xx_usart.o(i.usart_dma_transmit_config), (16 bytes).
    Removing gd32f4xx_usart.o(i.usart_enable), (10 bytes).
    Removing gd32f4xx_usart.o(i.usart_flag_clear), (26 bytes).
    Removing gd32f4xx_usart.o(i.usart_flag_get), (30 bytes).
    Removing gd32f4xx_usart.o(i.usart_guard_time_config), (24 bytes).
    Removing gd32f4xx_usart.o(i.usart_halfduplex_disable), (10 bytes).
    Removing gd32f4xx_usart.o(i.usart_halfduplex_enable), (10 bytes).
    Removing gd32f4xx_usart.o(i.usart_hardware_flow_coherence_config), (24 bytes).
    Removing gd32f4xx_usart.o(i.usart_hardware_flow_cts_config), (16 bytes).
    Removing gd32f4xx_usart.o(i.usart_hardware_flow_rts_config), (16 bytes).
    Removing gd32f4xx_usart.o(i.usart_interrupt_disable), (26 bytes).
    Removing gd32f4xx_usart.o(i.usart_interrupt_enable), (26 bytes).
    Removing gd32f4xx_usart.o(i.usart_interrupt_flag_clear), (26 bytes).
    Removing gd32f4xx_usart.o(i.usart_interrupt_flag_get), (56 bytes).
    Removing gd32f4xx_usart.o(i.usart_invert_config), (104 bytes).
    Removing gd32f4xx_usart.o(i.usart_irda_lowpower_config), (20 bytes).
    Removing gd32f4xx_usart.o(i.usart_irda_mode_disable), (10 bytes).
    Removing gd32f4xx_usart.o(i.usart_irda_mode_enable), (10 bytes).
    Removing gd32f4xx_usart.o(i.usart_lin_break_detection_length_config), (20 bytes).
    Removing gd32f4xx_usart.o(i.usart_lin_mode_disable), (10 bytes).
    Removing gd32f4xx_usart.o(i.usart_lin_mode_enable), (10 bytes).
    Removing gd32f4xx_usart.o(i.usart_mute_mode_disable), (10 bytes).
    Removing gd32f4xx_usart.o(i.usart_mute_mode_enable), (10 bytes).
    Removing gd32f4xx_usart.o(i.usart_mute_mode_wakeup_config), (16 bytes).
    Removing gd32f4xx_usart.o(i.usart_oversample_config), (16 bytes).
    Removing gd32f4xx_usart.o(i.usart_parity_check_coherence_config), (24 bytes).
    Removing gd32f4xx_usart.o(i.usart_parity_config), (16 bytes).
    Removing gd32f4xx_usart.o(i.usart_prescaler_config), (16 bytes).
    Removing gd32f4xx_usart.o(i.usart_receive_config), (16 bytes).
    Removing gd32f4xx_usart.o(i.usart_receiver_timeout_disable), (14 bytes).
    Removing gd32f4xx_usart.o(i.usart_receiver_timeout_enable), (14 bytes).
    Removing gd32f4xx_usart.o(i.usart_receiver_timeout_threshold_config), (20 bytes).
    Removing gd32f4xx_usart.o(i.usart_sample_bit_config), (16 bytes).
    Removing gd32f4xx_usart.o(i.usart_send_break), (10 bytes).
    Removing gd32f4xx_usart.o(i.usart_smartcard_autoretry_config), (26 bytes).
    Removing gd32f4xx_usart.o(i.usart_smartcard_mode_disable), (10 bytes).
    Removing gd32f4xx_usart.o(i.usart_smartcard_mode_enable), (10 bytes).
    Removing gd32f4xx_usart.o(i.usart_smartcard_mode_nack_disable), (10 bytes).
    Removing gd32f4xx_usart.o(i.usart_smartcard_mode_nack_enable), (10 bytes).
    Removing gd32f4xx_usart.o(i.usart_stop_bit_set), (16 bytes).
    Removing gd32f4xx_usart.o(i.usart_synchronous_clock_config), (34 bytes).
    Removing gd32f4xx_usart.o(i.usart_synchronous_clock_disable), (10 bytes).
    Removing gd32f4xx_usart.o(i.usart_synchronous_clock_enable), (10 bytes).
    Removing gd32f4xx_usart.o(i.usart_transmit_config), (16 bytes).
    Removing gd32f4xx_usart.o(i.usart_word_length_set), (16 bytes).
    Removing gd32f4xx_wwdgt.o(.rev16_text), (4 bytes).
    Removing gd32f4xx_wwdgt.o(.revsh_text), (4 bytes).
    Removing gd32f4xx_wwdgt.o(i.wwdgt_config), (28 bytes).
    Removing gd32f4xx_wwdgt.o(i.wwdgt_counter_update), (16 bytes).
    Removing gd32f4xx_wwdgt.o(i.wwdgt_deinit), (20 bytes).
    Removing gd32f4xx_wwdgt.o(i.wwdgt_enable), (20 bytes).
    Removing gd32f4xx_wwdgt.o(i.wwdgt_flag_clear), (12 bytes).
    Removing gd32f4xx_wwdgt.o(i.wwdgt_flag_get), (24 bytes).
    Removing gd32f4xx_wwdgt.o(i.wwdgt_interrupt_enable), (20 bytes).
    Removing bsp_iwdg.o(.rev16_text), (4 bytes).
    Removing bsp_iwdg.o(.revsh_text), (4 bytes).
    Removing bsp_iwdg.o(i.FWDG_Feed), (8 bytes).
    Removing bsp_iwdg.o(i.FWDG_Init), (22 bytes).
    Removing bsp_iwdg.o(i.bsp_sgm_wdg_init), (68 bytes).
    Removing bsp_sys.o(.rev16_text), (4 bytes).
    Removing bsp_sys.o(.revsh_text), (4 bytes).
    Removing bsp_systick.o(.rev16_text), (4 bytes).
    Removing bsp_systick.o(.revsh_text), (4 bytes).
    Removing bsp_systick.o(i.delay_ms), (28 bytes).
    Removing bsp_time.o(.rev16_text), (4 bytes).
    Removing bsp_time.o(.revsh_text), (4 bytes).
    Removing md_app.o(.rev16_text), (4 bytes).
    Removing md_app.o(.revsh_text), (4 bytes).
    Removing md_enet.o(.rev16_text), (4 bytes).
    Removing md_enet.o(.revsh_text), (4 bytes).
    Removing mecm_port.o(.rev16_text), (4 bytes).
    Removing mecm_port.o(.revsh_text), (4 bytes).
    Removing mecm_port.o(i.mecm_current_time_ns), (28 bytes).
    Removing mecm_port.o(i.mecm_delay_ms), (12 bytes).
    Removing mecm_base.o(i.mecm_ARMW), (188 bytes).
    Removing mecm_base.o(i.mecm_FRMW), (188 bytes).
    Removing mecm_base.o(i.mecm_LRD), (180 bytes).
    Removing mecm_base.o(i.mecm_LRW), (180 bytes).
    Removing mecm_base.o(i.mecm_LWR), (180 bytes).
    Removing mecm_base.o(i.mecm_set_src_dst_mac), (52 bytes).
    Removing mecm_coe.o(i.sdo_write), (124 bytes).
    Removing mecm_coe.o(i.sdo_write_exp), (322 bytes).
    Removing mecm_coe.o(i.sdo_write_normal), (370 bytes).
    Removing mecm_coe.o(i.sdo_write_segment), (740 bytes).
    Removing mecm_config.o(i.mecm_state_read), (284 bytes).
    Removing mecm_dc.o(i.mecm_dc_get_delaytime), (1068 bytes).
    Removing mecm_dc.o(i.mecm_dc_get_offset), (168 bytes).
    Removing mecm_dc.o(i.mecm_dc_get_topology), (708 bytes).
    Removing mecm_dc.o(i.mecm_dc_init), (72 bytes).
    Removing mecm_dc.o(i.mecm_find_output_port), (128 bytes).
    Removing mecm_dc.o(i.mecm_find_pre_port), (124 bytes).
    Removing mecm_dc.o(i.mecm_sync0_init), (272 bytes).
    Removing mecm_dc.o(.bss), (400 bytes).
    Removing mecm_eeprom.o(i.mecm_eeprom_write), (520 bytes).
    Removing mecm_eeprom.o(i.mecm_eeprom_write_buf), (94 bytes).
    Removing mecm_foe.o(i.mecm_foe_ack), (388 bytes).
    Removing mecm_foe.o(i.mecm_foe_busy_handle), (2 bytes).
    Removing mecm_foe.o(i.mecm_foe_data), (416 bytes).
    Removing mecm_foe.o(i.mecm_foe_err), (172 bytes).
    Removing mecm_foe.o(i.mecm_foe_err_handle), (2 bytes).
    Removing mecm_foe.o(i.mecm_foe_except), (2 bytes).
    Removing mecm_foe.o(i.mecm_foe_read), (440 bytes).
    Removing mecm_foe.o(i.mecm_foe_read_data_handle), (2 bytes).
    Removing mecm_foe.o(i.mecm_foe_retry), (360 bytes).
    Removing mecm_foe.o(i.mecm_foe_set_info), (36 bytes).
    Removing mecm_foe.o(i.mecm_foe_start), (404 bytes).
    Removing mecm_foe.o(i.mecm_foe_stop), (2 bytes).
    Removing mecm_foe.o(i.mecm_foe_task), (132 bytes).
    Removing mecm_foe.o(i.mecm_foe_write), (388 bytes).
    Removing mecm_foe.o(i.mecm_foe_write_data_handle), (2 bytes).
    Removing mecm_foe.o(.bss), (512 bytes).
    Removing mecm_foe.o(.data), (26 bytes).
    Removing mecm_pdo.o(i.get_difftimer), (12 bytes).

936 unused section(s) (total 47752 bytes) removed from the image.

==============================================================================

Image Symbol Table

    Local Symbols

    Symbol Name                              Value     Ov Type        Size  Object(Section)

    ../clib/microlib/division.c              0x00000000   Number         0  uldiv.o ABSOLUTE
    ../clib/microlib/init/entry.s            0x00000000   Number         0  entry8b.o ABSOLUTE
    ../clib/microlib/init/entry.s            0x00000000   Number         0  entry9a.o ABSOLUTE
    ../clib/microlib/init/entry.s            0x00000000   Number         0  entry.o ABSOLUTE
    ../clib/microlib/init/entry.s            0x00000000   Number         0  entry10a.o ABSOLUTE
    ../clib/microlib/init/entry.s            0x00000000   Number         0  entry8a.o ABSOLUTE
    ../clib/microlib/init/entry.s            0x00000000   Number         0  entry9b.o ABSOLUTE
    ../clib/microlib/init/entry.s            0x00000000   Number         0  entry10b.o ABSOLUTE
    ../clib/microlib/init/entry.s            0x00000000   Number         0  entry11a.o ABSOLUTE
    ../clib/microlib/init/entry.s            0x00000000   Number         0  entry11b.o ABSOLUTE
    ../clib/microlib/init/entry.s            0x00000000   Number         0  entry7b.o ABSOLUTE
    ../clib/microlib/init/entry.s            0x00000000   Number         0  entry7a.o ABSOLUTE
    ../clib/microlib/init/entry.s            0x00000000   Number         0  entry5.o ABSOLUTE
    ../clib/microlib/init/entry.s            0x00000000   Number         0  entry2.o ABSOLUTE
    ../clib/microlib/longlong.c              0x00000000   Number         0  llushr.o ABSOLUTE
    ../clib/microlib/longlong.c              0x00000000   Number         0  llshl.o ABSOLUTE
    ../clib/microlib/string/memcpy.c         0x00000000   Number         0  memcpyb.o ABSOLUTE
    ../clib/microlib/string/memcpy.c         0x00000000   Number         0  memcpya.o ABSOLUTE
    ../clib/microlib/string/memset.c         0x00000000   Number         0  memseta.o ABSOLUTE
    ../clib/microlib/string/strlen.c         0x00000000   Number         0  strlen.o ABSOLUTE
    ..\..\..\src\mecm_base.c                 0x00000000   Number         0  mecm_base.o ABSOLUTE
    ..\..\..\src\mecm_coe.c                  0x00000000   Number         0  mecm_coe.o ABSOLUTE
    ..\..\..\src\mecm_config.c               0x00000000   Number         0  mecm_config.o ABSOLUTE
    ..\..\..\src\mecm_dc.c                   0x00000000   Number         0  mecm_dc.o ABSOLUTE
    ..\..\..\src\mecm_eeprom.c               0x00000000   Number         0  mecm_eeprom.o ABSOLUTE
    ..\..\..\src\mecm_fmmu.c                 0x00000000   Number         0  mecm_fmmu.o ABSOLUTE
    ..\..\..\src\mecm_foe.c                  0x00000000   Number         0  mecm_foe.o ABSOLUTE
    ..\..\..\src\mecm_mailbox.c              0x00000000   Number         0  mecm_mailbox.o ABSOLUTE
    ..\..\..\src\mecm_pdo.c                  0x00000000   Number         0  mecm_pdo.o ABSOLUTE
    ..\..\..\src\mecm_sm.c                   0x00000000   Number         0  mecm_sm.o ABSOLUTE
    ..\CORE\startup_gd32f450_470.s           0x00000000   Number         0  startup_gd32f450_470.o ABSOLUTE
    ..\FWLIB\Source\gd32f4xx_adc.c           0x00000000   Number         0  gd32f4xx_adc.o ABSOLUTE
    ..\FWLIB\Source\gd32f4xx_can.c           0x00000000   Number         0  gd32f4xx_can.o ABSOLUTE
    ..\FWLIB\Source\gd32f4xx_crc.c           0x00000000   Number         0  gd32f4xx_crc.o ABSOLUTE
    ..\FWLIB\Source\gd32f4xx_ctc.c           0x00000000   Number         0  gd32f4xx_ctc.o ABSOLUTE
    ..\FWLIB\Source\gd32f4xx_dac.c           0x00000000   Number         0  gd32f4xx_dac.o ABSOLUTE
    ..\FWLIB\Source\gd32f4xx_dbg.c           0x00000000   Number         0  gd32f4xx_dbg.o ABSOLUTE
    ..\FWLIB\Source\gd32f4xx_dci.c           0x00000000   Number         0  gd32f4xx_dci.o ABSOLUTE
    ..\FWLIB\Source\gd32f4xx_dma.c           0x00000000   Number         0  gd32f4xx_dma.o ABSOLUTE
    ..\FWLIB\Source\gd32f4xx_enet.c          0x00000000   Number         0  gd32f4xx_enet.o ABSOLUTE
    ..\FWLIB\Source\gd32f4xx_exmc.c          0x00000000   Number         0  gd32f4xx_exmc.o ABSOLUTE
    ..\FWLIB\Source\gd32f4xx_exti.c          0x00000000   Number         0  gd32f4xx_exti.o ABSOLUTE
    ..\FWLIB\Source\gd32f4xx_fmc.c           0x00000000   Number         0  gd32f4xx_fmc.o ABSOLUTE
    ..\FWLIB\Source\gd32f4xx_fwdgt.c         0x00000000   Number         0  gd32f4xx_fwdgt.o ABSOLUTE
    ..\FWLIB\Source\gd32f4xx_gpio.c          0x00000000   Number         0  gd32f4xx_gpio.o ABSOLUTE
    ..\FWLIB\Source\gd32f4xx_i2c.c           0x00000000   Number         0  gd32f4xx_i2c.o ABSOLUTE
    ..\FWLIB\Source\gd32f4xx_ipa.c           0x00000000   Number         0  gd32f4xx_ipa.o ABSOLUTE
    ..\FWLIB\Source\gd32f4xx_iref.c          0x00000000   Number         0  gd32f4xx_iref.o ABSOLUTE
    ..\FWLIB\Source\gd32f4xx_misc.c          0x00000000   Number         0  gd32f4xx_misc.o ABSOLUTE
    ..\FWLIB\Source\gd32f4xx_pmu.c           0x00000000   Number         0  gd32f4xx_pmu.o ABSOLUTE
    ..\FWLIB\Source\gd32f4xx_rcu.c           0x00000000   Number         0  gd32f4xx_rcu.o ABSOLUTE
    ..\FWLIB\Source\gd32f4xx_rtc.c           0x00000000   Number         0  gd32f4xx_rtc.o ABSOLUTE
    ..\FWLIB\Source\gd32f4xx_sdio.c          0x00000000   Number         0  gd32f4xx_sdio.o ABSOLUTE
    ..\FWLIB\Source\gd32f4xx_spi.c           0x00000000   Number         0  gd32f4xx_spi.o ABSOLUTE
    ..\FWLIB\Source\gd32f4xx_syscfg.c        0x00000000   Number         0  gd32f4xx_syscfg.o ABSOLUTE
    ..\FWLIB\Source\gd32f4xx_timer.c         0x00000000   Number         0  gd32f4xx_timer.o ABSOLUTE
    ..\FWLIB\Source\gd32f4xx_tli.c           0x00000000   Number         0  gd32f4xx_tli.o ABSOLUTE
    ..\FWLIB\Source\gd32f4xx_trng.c          0x00000000   Number         0  gd32f4xx_trng.o ABSOLUTE
    ..\FWLIB\Source\gd32f4xx_usart.c         0x00000000   Number         0  gd32f4xx_usart.o ABSOLUTE
    ..\FWLIB\Source\gd32f4xx_wwdgt.c         0x00000000   Number         0  gd32f4xx_wwdgt.o ABSOLUTE
    ..\HARDWARE\bsp\bsp_src\bsp_iwdg.c       0x00000000   Number         0  bsp_iwdg.o ABSOLUTE
    ..\HARDWARE\bsp\bsp_src\bsp_sys.c        0x00000000   Number         0  bsp_sys.o ABSOLUTE
    ..\HARDWARE\bsp\bsp_src\bsp_systick.c    0x00000000   Number         0  bsp_systick.o ABSOLUTE
    ..\HARDWARE\bsp\bsp_src\bsp_time.c       0x00000000   Number         0  bsp_time.o ABSOLUTE
    ..\HARDWARE\module\md_src\md_app.c       0x00000000   Number         0  md_app.o ABSOLUTE
    ..\HARDWARE\module\md_src\md_enet.c      0x00000000   Number         0  md_enet.o ABSOLUTE
    ..\ThirdPart\mecm\src\mecm_port.c        0x00000000   Number         0  mecm_port.o ABSOLUTE
    ..\\FWLIB\\Source\\gd32f4xx_adc.c        0x00000000   Number         0  gd32f4xx_adc.o ABSOLUTE
    ..\\FWLIB\\Source\\gd32f4xx_can.c        0x00000000   Number         0  gd32f4xx_can.o ABSOLUTE
    ..\\FWLIB\\Source\\gd32f4xx_crc.c        0x00000000   Number         0  gd32f4xx_crc.o ABSOLUTE
    ..\\FWLIB\\Source\\gd32f4xx_ctc.c        0x00000000   Number         0  gd32f4xx_ctc.o ABSOLUTE
    ..\\FWLIB\\Source\\gd32f4xx_dac.c        0x00000000   Number         0  gd32f4xx_dac.o ABSOLUTE
    ..\\FWLIB\\Source\\gd32f4xx_dbg.c        0x00000000   Number         0  gd32f4xx_dbg.o ABSOLUTE
    ..\\FWLIB\\Source\\gd32f4xx_dci.c        0x00000000   Number         0  gd32f4xx_dci.o ABSOLUTE
    ..\\FWLIB\\Source\\gd32f4xx_dma.c        0x00000000   Number         0  gd32f4xx_dma.o ABSOLUTE
    ..\\FWLIB\\Source\\gd32f4xx_enet.c       0x00000000   Number         0  gd32f4xx_enet.o ABSOLUTE
    ..\\FWLIB\\Source\\gd32f4xx_exmc.c       0x00000000   Number         0  gd32f4xx_exmc.o ABSOLUTE
    ..\\FWLIB\\Source\\gd32f4xx_exti.c       0x00000000   Number         0  gd32f4xx_exti.o ABSOLUTE
    ..\\FWLIB\\Source\\gd32f4xx_fmc.c        0x00000000   Number         0  gd32f4xx_fmc.o ABSOLUTE
    ..\\FWLIB\\Source\\gd32f4xx_fwdgt.c      0x00000000   Number         0  gd32f4xx_fwdgt.o ABSOLUTE
    ..\\FWLIB\\Source\\gd32f4xx_gpio.c       0x00000000   Number         0  gd32f4xx_gpio.o ABSOLUTE
    ..\\FWLIB\\Source\\gd32f4xx_i2c.c        0x00000000   Number         0  gd32f4xx_i2c.o ABSOLUTE
    ..\\FWLIB\\Source\\gd32f4xx_ipa.c        0x00000000   Number         0  gd32f4xx_ipa.o ABSOLUTE
    ..\\FWLIB\\Source\\gd32f4xx_iref.c       0x00000000   Number         0  gd32f4xx_iref.o ABSOLUTE
    ..\\FWLIB\\Source\\gd32f4xx_misc.c       0x00000000   Number         0  gd32f4xx_misc.o ABSOLUTE
    ..\\FWLIB\\Source\\gd32f4xx_pmu.c        0x00000000   Number         0  gd32f4xx_pmu.o ABSOLUTE
    ..\\FWLIB\\Source\\gd32f4xx_rcu.c        0x00000000   Number         0  gd32f4xx_rcu.o ABSOLUTE
    ..\\FWLIB\\Source\\gd32f4xx_rtc.c        0x00000000   Number         0  gd32f4xx_rtc.o ABSOLUTE
    ..\\FWLIB\\Source\\gd32f4xx_sdio.c       0x00000000   Number         0  gd32f4xx_sdio.o ABSOLUTE
    ..\\FWLIB\\Source\\gd32f4xx_spi.c        0x00000000   Number         0  gd32f4xx_spi.o ABSOLUTE
    ..\\FWLIB\\Source\\gd32f4xx_syscfg.c     0x00000000   Number         0  gd32f4xx_syscfg.o ABSOLUTE
    ..\\FWLIB\\Source\\gd32f4xx_timer.c      0x00000000   Number         0  gd32f4xx_timer.o ABSOLUTE
    ..\\FWLIB\\Source\\gd32f4xx_tli.c        0x00000000   Number         0  gd32f4xx_tli.o ABSOLUTE
    ..\\FWLIB\\Source\\gd32f4xx_trng.c       0x00000000   Number         0  gd32f4xx_trng.o ABSOLUTE
    ..\\FWLIB\\Source\\gd32f4xx_usart.c      0x00000000   Number         0  gd32f4xx_usart.o ABSOLUTE
    ..\\FWLIB\\Source\\gd32f4xx_wwdgt.c      0x00000000   Number         0  gd32f4xx_wwdgt.o ABSOLUTE
    ..\\HARDWARE\\bsp\\bsp_src\\bsp_iwdg.c   0x00000000   Number         0  bsp_iwdg.o ABSOLUTE
    ..\\HARDWARE\\bsp\\bsp_src\\bsp_sys.c    0x00000000   Number         0  bsp_sys.o ABSOLUTE
    ..\\HARDWARE\\bsp\\bsp_src\\bsp_systick.c 0x00000000   Number         0  bsp_systick.o ABSOLUTE
    ..\\HARDWARE\\bsp\\bsp_src\\bsp_time.c   0x00000000   Number         0  bsp_time.o ABSOLUTE
    ..\\HARDWARE\\module\\md_src\\md_app.c   0x00000000   Number         0  md_app.o ABSOLUTE
    ..\\HARDWARE\\module\\md_src\\md_enet.c  0x00000000   Number         0  md_enet.o ABSOLUTE
    ..\\ThirdPart\\mecm\\src\\mecm_port.c    0x00000000   Number         0  mecm_port.o ABSOLUTE
    dc.s                                     0x00000000   Number         0  dc.o ABSOLUTE
    gd32f4xx_it.c                            0x00000000   Number         0  gd32f4xx_it.o ABSOLUTE
    gd32f4xx_it.c                            0x00000000   Number         0  gd32f4xx_it.o ABSOLUTE
    handlers.s                               0x00000000   Number         0  handlers.o ABSOLUTE
    init.s                                   0x00000000   Number         0  init.o ABSOLUTE
    main.c                                   0x00000000   Number         0  main.o ABSOLUTE
    main.c                                   0x00000000   Number         0  main.o ABSOLUTE
    system_gd32f4xx.c                        0x00000000   Number         0  system_gd32f4xx.o ABSOLUTE
    system_gd32f4xx.c                        0x00000000   Number         0  system_gd32f4xx.o ABSOLUTE
    RESET                                    0x08000000   Section      428  startup_gd32f450_470.o(RESET)
    .ARM.Collect$$$$00000000                 0x080001ac   Section        0  entry.o(.ARM.Collect$$$$00000000)
    .ARM.Collect$$$$00000001                 0x080001ac   Section        4  entry2.o(.ARM.Collect$$$$00000001)
    .ARM.Collect$$$$00000004                 0x080001b0   Section        4  entry5.o(.ARM.Collect$$$$00000004)
    .ARM.Collect$$$$00000008                 0x080001b4   Section        0  entry7b.o(.ARM.Collect$$$$00000008)
    .ARM.Collect$$$$0000000A                 0x080001b4   Section        0  entry8b.o(.ARM.Collect$$$$0000000A)
    .ARM.Collect$$$$0000000B                 0x080001b4   Section        8  entry9a.o(.ARM.Collect$$$$0000000B)
    .ARM.Collect$$$$0000000D                 0x080001bc   Section        0  entry10a.o(.ARM.Collect$$$$0000000D)
    .ARM.Collect$$$$0000000F                 0x080001bc   Section        0  entry11a.o(.ARM.Collect$$$$0000000F)
    .ARM.Collect$$$$00002712                 0x080001bc   Section        4  entry2.o(.ARM.Collect$$$$00002712)
    __lit__00000000                          0x080001bc   Data           4  entry2.o(.ARM.Collect$$$$00002712)
    .text                                    0x080001c0   Section       36  startup_gd32f450_470.o(.text)
    $v0                                      0x080001c0   Number         0  startup_gd32f450_470.o(.text)
    .text                                    0x080001e4   Section        0  memcpya.o(.text)
    .text                                    0x08000208   Section        0  memseta.o(.text)
    .text                                    0x0800022c   Section       36  init.o(.text)
    i.BusFault_Handler                       0x08000250   Section        0  gd32f4xx_it.o(i.BusFault_Handler)
    i.DebugMon_Handler                       0x08000254   Section        0  gd32f4xx_it.o(i.DebugMon_Handler)
    i.MemManage_Handler                      0x08000256   Section        0  gd32f4xx_it.o(i.MemManage_Handler)
    i.NMI_Handler                            0x0800025a   Section        0  gd32f4xx_it.o(i.NMI_Handler)
    i.PendSV_Handler                         0x0800025c   Section        0  gd32f4xx_it.o(i.PendSV_Handler)
    i.SVC_Handler                            0x0800025e   Section        0  gd32f4xx_it.o(i.SVC_Handler)
    i.SysTick_Handler                        0x08000260   Section        0  gd32f4xx_it.o(i.SysTick_Handler)
    i.SystemInit                             0x08000268   Section        0  system_gd32f4xx.o(i.SystemInit)
    i.TIMER2_IRQHandler                      0x0800033c   Section        0  md_app.o(i.TIMER2_IRQHandler)
    i.TimingDelay_Decrement                  0x08000358   Section        0  bsp_systick.o(i.TimingDelay_Decrement)
    i.UsageFault_Handler                     0x080003a8   Section        0  gd32f4xx_it.o(i.UsageFault_Handler)
    i.__scatterload_copy                     0x080003ac   Section       14  handlers.o(i.__scatterload_copy)
    i.__scatterload_null                     0x080003ba   Section        2  handlers.o(i.__scatterload_null)
    i.__scatterload_zeroinit                 0x080003bc   Section       14  handlers.o(i.__scatterload_zeroinit)
    i.bsp_init                               0x080003cc   Section        0  md_app.o(i.bsp_init)
    i.bsp_time2_init                         0x080003f0   Section        0  bsp_time.o(i.bsp_time2_init)
    i.delay_us                               0x08000444   Section        0  bsp_systick.o(i.delay_us)
    i.enet_buf_recv                          0x08000458   Section        0  md_enet.o(i.enet_buf_recv)
    i.enet_buf_recv_2                        0x08000478   Section        0  md_enet.o(i.enet_buf_recv_2)
    i.enet_buf_send                          0x0800049e   Section        0  md_enet.o(i.enet_buf_send)
    i.enet_clock_init                        0x080004b4   Section        0  md_enet.o(i.enet_clock_init)
    enet_clock_init                          0x080004b5   Thumb Code    28  md_enet.o(i.enet_clock_init)
    i.enet_default_init                      0x080004d0   Section        0  gd32f4xx_enet.o(i.enet_default_init)
    enet_default_init                        0x080004d1   Thumb Code    78  gd32f4xx_enet.o(i.enet_default_init)
    i.enet_deinit                            0x08000538   Section        0  gd32f4xx_enet.o(i.enet_deinit)
    i.enet_delay                             0x08000550   Section        0  gd32f4xx_enet.o(i.enet_delay)
    enet_delay                               0x08000551   Thumb Code    24  gd32f4xx_enet.o(i.enet_delay)
    i.enet_descriptors_chain_init            0x08000568   Section        0  gd32f4xx_enet.o(i.enet_descriptors_chain_init)
    i.enet_enable                            0x08000630   Section        0  gd32f4xx_enet.o(i.enet_enable)
    i.enet_frame_receive                     0x0800063c   Section        0  gd32f4xx_enet.o(i.enet_frame_receive)
    i.enet_frame_transmit                    0x0800073c   Section        0  gd32f4xx_enet.o(i.enet_frame_transmit)
    i.enet_gpio_init                         0x08000808   Section        0  md_enet.o(i.enet_gpio_init)
    enet_gpio_init                           0x08000809   Thumb Code   400  md_enet.o(i.enet_gpio_init)
    i.enet_init                              0x080009a4   Section        0  gd32f4xx_enet.o(i.enet_init)
    i.enet_initpara_reset                    0x08000d08   Section        0  gd32f4xx_enet.o(i.enet_initpara_reset)
    i.enet_mac_address_set                   0x08000d30   Section        0  gd32f4xx_enet.o(i.enet_mac_address_set)
    i.enet_mac_dma_config                    0x08000d60   Section        0  md_enet.o(i.enet_mac_dma_config)
    enet_mac_dma_config                      0x08000d61   Thumb Code   116  md_enet.o(i.enet_mac_dma_config)
    i.enet_phy_config                        0x08000de0   Section        0  gd32f4xx_enet.o(i.enet_phy_config)
    i.enet_phy_write_read                    0x08000eb8   Section        0  gd32f4xx_enet.o(i.enet_phy_write_read)
    i.enet_rx_desc_immediate_receive_complete_interrupt 0x08000f54   Section        0  gd32f4xx_enet.o(i.enet_rx_desc_immediate_receive_complete_interrupt)
    i.enet_rx_enable                         0x08000f60   Section        0  gd32f4xx_enet.o(i.enet_rx_enable)
    i.enet_rxframe_drop                      0x08000f84   Section        0  gd32f4xx_enet.o(i.enet_rxframe_drop)
    i.enet_rxframe_size_get                  0x08001030   Section        0  gd32f4xx_enet.o(i.enet_rxframe_size_get)
    i.enet_software_reset                    0x080010c8   Section        0  gd32f4xx_enet.o(i.enet_software_reset)
    i.enet_system_init                       0x08001104   Section        0  md_enet.o(i.enet_system_init)
    i.enet_transmit_checksum_config          0x0800111a   Section        0  gd32f4xx_enet.o(i.enet_transmit_checksum_config)
    i.enet_tx_enable                         0x0800112c   Section        0  gd32f4xx_enet.o(i.enet_tx_enable)
    i.enet_txfifo_flush                      0x08001154   Section        0  gd32f4xx_enet.o(i.enet_txfifo_flush)
    i.get_idx                                0x08001188   Section        0  mecm_base.o(i.get_idx)
    i.get_mailbox_cnt                        0x080011a8   Section        0  mecm_mailbox.o(i.get_mailbox_cnt)
    i.get_pdo_map                            0x08001220   Section        0  mecm_coe.o(i.get_pdo_map)
    i.gpio_af_set                            0x080012f4   Section        0  gd32f4xx_gpio.o(i.gpio_af_set)
    i.gpio_bit_reset                         0x08001352   Section        0  gd32f4xx_gpio.o(i.gpio_bit_reset)
    i.gpio_bit_set                           0x08001356   Section        0  gd32f4xx_gpio.o(i.gpio_bit_set)
    i.gpio_mode_set                          0x0800135a   Section        0  gd32f4xx_gpio.o(i.gpio_mode_set)
    i.gpio_output_options_set                0x080013a8   Section        0  gd32f4xx_gpio.o(i.gpio_output_options_set)
    i.main                                   0x080013ea   Section        0  main.o(i.main)
    i.mecm_APRD                              0x080013f8   Section        0  mecm_base.o(i.mecm_APRD)
    i.mecm_APWR                              0x080014b4   Section        0  mecm_base.o(i.mecm_APWR)
    i.mecm_BRD                               0x08001570   Section        0  mecm_base.o(i.mecm_BRD)
    i.mecm_BWR                               0x0800162c   Section        0  mecm_base.o(i.mecm_BWR)
    i.mecm_FPRD                              0x080016e8   Section        0  mecm_base.o(i.mecm_FPRD)
    i.mecm_FPWR                              0x080017a4   Section        0  mecm_base.o(i.mecm_FPWR)
    i.mecm_base_init                         0x08001860   Section        0  mecm_base.o(i.mecm_base_init)
    i.mecm_clear_port                        0x080018c8   Section        0  mecm_base.o(i.mecm_clear_port)
    i.mecm_communicate                       0x08001938   Section        0  mecm_base.o(i.mecm_communicate)
    i.mecm_config_init                       0x080019e0   Section        0  mecm_config.o(i.mecm_config_init)
    i.mecm_config_other                      0x08001a24   Section        0  mecm_config.o(i.mecm_config_other)
    i.mecm_current_time_us                   0x08001c8c   Section        0  mecm_port.o(i.mecm_current_time_us)
    i.mecm_data_recv                         0x08001c94   Section        0  mecm_port.o(i.mecm_data_recv)
    i.mecm_data_send                         0x08001cd2   Section        0  mecm_port.o(i.mecm_data_send)
    i.mecm_delay_us                          0x08001ce2   Section        0  mecm_port.o(i.mecm_delay_us)
    i.mecm_eeprom_findsii                    0x08001cf0   Section        0  mecm_eeprom.o(i.mecm_eeprom_findsii)
    i.mecm_eeprom_get_generals               0x08001d5c   Section        0  mecm_eeprom.o(i.mecm_eeprom_get_generals)
    i.mecm_eeprom_get_sii_info               0x08001dc0   Section        0  mecm_eeprom.o(i.mecm_eeprom_get_sii_info)
    i.mecm_eeprom_get_sm                     0x08001eb4   Section        0  mecm_eeprom.o(i.mecm_eeprom_get_sm)
    i.mecm_eeprom_get_strings                0x08001f50   Section        0  mecm_eeprom.o(i.mecm_eeprom_get_strings)
    i.mecm_eeprom_master                     0x08002024   Section        0  mecm_eeprom.o(i.mecm_eeprom_master)
    i.mecm_eeprom_pdi                        0x08002098   Section        0  mecm_eeprom.o(i.mecm_eeprom_pdi)
    i.mecm_eeprom_read                       0x080020e0   Section        0  mecm_eeprom.o(i.mecm_eeprom_read)
    i.mecm_eeprom_read_buf                   0x08002324   Section        0  mecm_eeprom.o(i.mecm_eeprom_read_buf)
    i.mecm_eth0_init                         0x08002490   Section        0  mecm_port.o(i.mecm_eth0_init)
    i.mecm_fmmu_config                       0x080024a0   Section        0  mecm_fmmu.o(i.mecm_fmmu_config)
    i.mecm_fmmu_config_add                   0x080025c4   Section        0  mecm_fmmu.o(i.mecm_fmmu_config_add)
    i.mecm_get_eeprom_info                   0x080026f0   Section        0  mecm_config.o(i.mecm_get_eeprom_info)
    i.mecm_get_eeprom_info_all               0x0800284c   Section        0  mecm_config.o(i.mecm_get_eeprom_info_all)
    i.mecm_get_pdo_size                      0x0800287c   Section        0  mecm_config.o(i.mecm_get_pdo_size)
    i.mecm_mailbox_recv                      0x08002908   Section        0  mecm_mailbox.o(i.mecm_mailbox_recv)
    i.mecm_mailbox_send                      0x08002b0c   Section        0  mecm_mailbox.o(i.mecm_mailbox_send)
    i.mecm_memery_init                       0x08002c64   Section        0  mecm_config.o(i.mecm_memery_init)
    i.mecm_processdata_all                   0x08002c80   Section        0  mecm_pdo.o(i.mecm_processdata_all)
    i.mecm_scan_slave                        0x0800306c   Section        0  mecm_config.o(i.mecm_scan_slave)
    i.mecm_set_configaddr                    0x080030d0   Section        0  mecm_config.o(i.mecm_set_configaddr)
    i.mecm_set_sm_fmmu_pdo                   0x08003158   Section        0  mecm_config.o(i.mecm_set_sm_fmmu_pdo)
    i.mecm_set_sm_fmmu_pdo1                  0x08003184   Section        0  mecm_config.o(i.mecm_set_sm_fmmu_pdo1)
    i.mecm_set_sm_fmmu_pdo2                  0x0800348c   Section        0  mecm_config.o(i.mecm_set_sm_fmmu_pdo2)
    i.mecm_set_sm_mailbox                    0x080037dc   Section        0  mecm_config.o(i.mecm_set_sm_mailbox)
    i.mecm_setup_datagram_logi               0x08003860   Section        0  mecm_base.o(i.mecm_setup_datagram_logi)
    i.mecm_setup_datagram_np                 0x08003a08   Section        0  mecm_base.o(i.mecm_setup_datagram_np)
    i.mecm_sm_config                         0x08003bb4   Section        0  mecm_sm.o(i.mecm_sm_config)
    i.mecm_sm_config_add                     0x08003c5c   Section        0  mecm_sm.o(i.mecm_sm_config_add)
    i.mecm_state_change                      0x08003d20   Section        0  mecm_config.o(i.mecm_state_change)
    i.nvic_configuration                     0x08003d74   Section        0  bsp_sys.o(i.nvic_configuration)
    i.nvic_irq_enable                        0x08003d94   Section        0  gd32f4xx_misc.o(i.nvic_irq_enable)
    i.nvic_priority_group_set                0x08003e58   Section        0  gd32f4xx_misc.o(i.nvic_priority_group_set)
    i.osal_current_time_us                   0x08003e6c   Section        0  bsp_systick.o(i.osal_current_time_us)
    i.rcu_clock_freq_get                     0x08003e78   Section        0  gd32f4xx_rcu.o(i.rcu_clock_freq_get)
    i.rcu_periph_clock_enable                0x08003f9c   Section        0  gd32f4xx_rcu.o(i.rcu_periph_clock_enable)
    i.rcu_periph_reset_disable               0x08003fc0   Section        0  gd32f4xx_rcu.o(i.rcu_periph_reset_disable)
    i.rcu_periph_reset_enable                0x08003fe4   Section        0  gd32f4xx_rcu.o(i.rcu_periph_reset_enable)
    i.rcu_timer_clock_prescaler_config       0x08004008   Section        0  gd32f4xx_rcu.o(i.rcu_timer_clock_prescaler_config)
    i.sdo_read                               0x0800402c   Section        0  mecm_coe.o(i.sdo_read)
    i.sgm_wdg_feed                           0x08004350   Section        0  bsp_iwdg.o(i.sgm_wdg_feed)
    i.sysTick_init                           0x08004388   Section        0  bsp_systick.o(i.sysTick_init)
    i.syscfg_enet_phy_interface_config       0x080043f0   Section        0  gd32f4xx_syscfg.o(i.syscfg_enet_phy_interface_config)
    i.system_clock_200m_25m_hxtal            0x08004408   Section        0  system_gd32f4xx.o(i.system_clock_200m_25m_hxtal)
    system_clock_200m_25m_hxtal              0x08004409   Thumb Code   240  system_gd32f4xx.o(i.system_clock_200m_25m_hxtal)
    i.system_clock_config                    0x08004504   Section        0  system_gd32f4xx.o(i.system_clock_config)
    system_clock_config                      0x08004505   Thumb Code     8  system_gd32f4xx.o(i.system_clock_config)
    i.test                                   0x0800450c   Section        0  md_app.o(i.test)
    i.timer_deinit                           0x08004530   Section        0  gd32f4xx_timer.o(i.timer_deinit)
    i.timer_enable                           0x080046b4   Section        0  gd32f4xx_timer.o(i.timer_enable)
    i.timer_init                             0x080046c0   Section        0  gd32f4xx_timer.o(i.timer_init)
    i.timer_interrupt_enable                 0x08004758   Section        0  gd32f4xx_timer.o(i.timer_interrupt_enable)
    i.timer_interrupt_flag_clear             0x08004760   Section        0  gd32f4xx_timer.o(i.timer_interrupt_flag_clear)
    i.timer_interrupt_flag_get               0x08004766   Section        0  gd32f4xx_timer.o(i.timer_interrupt_flag_get)
    .data                                    0x20000000   Section        4  system_gd32f4xx.o(.data)
    .data                                    0x20000004   Section       20  gd32f4xx_enet.o(.data)
    enet_unknow_err                          0x20000014   Data           4  gd32f4xx_enet.o(.data)
    .data                                    0x20000018   Section        1  bsp_iwdg.o(.data)
    sgm_flag                                 0x20000018   Data           1  bsp_iwdg.o(.data)
    .data                                    0x20000020   Section       16  bsp_systick.o(.data)
    TimingDelay                              0x20000020   Data           4  bsp_systick.o(.data)
    iwdgcnt                                  0x20000024   Data           4  bsp_systick.o(.data)
    timercount                               0x20000028   Data           8  bsp_systick.o(.data)
    .data                                    0x20000030   Section        6  md_enet.o(.data)
    .data                                    0x20000036   Section       14  mecm_base.o(.data)
    dstMAC                                   0x20000036   Data           6  mecm_base.o(.data)
    srcMAC                                   0x2000003c   Data           6  mecm_base.o(.data)
    idx                                      0x20000042   Data           2  mecm_base.o(.data)
    .data                                    0x20000044   Section        1  mecm_config.o(.data)
    .data                                    0x20000045   Section        1  mecm_eeprom.o(.data)
    .data                                    0x20000048   Section       24  mecm_pdo.o(.data)
    difftimer                                0x20000048   Data           8  mecm_pdo.o(.data)
    dctime                                   0x20000050   Data           8  mecm_pdo.o(.data)
    synctime                                 0x20000058   Data           8  mecm_pdo.o(.data)
    .bss                                     0x20000060   Section    15460  gd32f4xx_enet.o(.bss)
    enet_initpara                            0x20003c88   Data          60  gd32f4xx_enet.o(.bss)
    .bss                                     0x20003cc4   Section     1600  md_app.o(.bss)
    .bss                                     0x20004304   Section    15348  mecm_base.o(.bss)
    .bss                                     0x20007ef8   Section      604  mecm_coe.o(.bss)
    pdo_assign                               0x20007ef8   Data         202  mecm_coe.o(.bss)
    pdo_map                                  0x20007fc2   Data         402  mecm_coe.o(.bss)
    .bss                                     0x20008154   Section     3540  mecm_config.o(.bss)
    .bss                                     0x20008f28   Section      216  mecm_eeprom.o(.bss)
    readbuf                                  0x20008fce   Data          50  mecm_eeprom.o(.bss)
    STACK                                    0x20009000   Section     2048  startup_gd32f450_470.o(STACK)

    Global Symbols

    Symbol Name                              Value     Ov Type        Size  Object(Section)

    BuildAttributes$$THM_ISAv4$E$P$D$K$B$S$7EM$VFPi3$EXTD16$VFPS$VFMA$PE$A:L22UL41UL21$X:L11$S22US41US21$IEEE1$IW$USESV6$~STKCKD$USESV7$~SHL$OSPACE$EBA8$MICROLIB$REQ8$PRES8$EABIv2 0x00000000   Number         0  anon$$obj.o ABSOLUTE
    __ARM_use_no_argv                        0x00000000   Number         0  main.o ABSOLUTE
    __cpp_initialize__aeabi_                  - Undefined Weak Reference
    __cxa_finalize                            - Undefined Weak Reference
    __decompress                              - Undefined Weak Reference
    _clock_init                               - Undefined Weak Reference
    _microlib_exit                            - Undefined Weak Reference
    __Vectors_Size                           0x000001ac   Number         0  startup_gd32f450_470.o ABSOLUTE
    __Vectors                                0x08000000   Data           4  startup_gd32f450_470.o(RESET)
    __Vectors_End                            0x080001ac   Data           0  startup_gd32f450_470.o(RESET)
    __main                                   0x080001ad   Thumb Code     0  entry.o(.ARM.Collect$$$$00000000)
    _main_stk                                0x080001ad   Thumb Code     0  entry2.o(.ARM.Collect$$$$00000001)
    _main_scatterload                        0x080001b1   Thumb Code     0  entry5.o(.ARM.Collect$$$$00000004)
    __main_after_scatterload                 0x080001b5   Thumb Code     0  entry5.o(.ARM.Collect$$$$00000004)
    _main_clock                              0x080001b5   Thumb Code     0  entry7b.o(.ARM.Collect$$$$00000008)
    _main_cpp_init                           0x080001b5   Thumb Code     0  entry8b.o(.ARM.Collect$$$$0000000A)
    _main_init                               0x080001b5   Thumb Code     0  entry9a.o(.ARM.Collect$$$$0000000B)
    __rt_final_cpp                           0x080001bd   Thumb Code     0  entry10a.o(.ARM.Collect$$$$0000000D)
    __rt_final_exit                          0x080001bd   Thumb Code     0  entry11a.o(.ARM.Collect$$$$0000000F)
    Reset_Handler                            0x080001c1   Thumb Code     8  startup_gd32f450_470.o(.text)
    HardFault_Handler                        0x080001cb   Thumb Code     2  startup_gd32f450_470.o(.text)
    ADC_IRQHandler                           0x080001db   Thumb Code     0  startup_gd32f450_470.o(.text)
    CAN0_EWMC_IRQHandler                     0x080001db   Thumb Code     0  startup_gd32f450_470.o(.text)
    CAN0_RX0_IRQHandler                      0x080001db   Thumb Code     0  startup_gd32f450_470.o(.text)
    CAN0_RX1_IRQHandler                      0x080001db   Thumb Code     0  startup_gd32f450_470.o(.text)
    CAN0_TX_IRQHandler                       0x080001db   Thumb Code     0  startup_gd32f450_470.o(.text)
    CAN1_EWMC_IRQHandler                     0x080001db   Thumb Code     0  startup_gd32f450_470.o(.text)
    CAN1_RX0_IRQHandler                      0x080001db   Thumb Code     0  startup_gd32f450_470.o(.text)
    CAN1_RX1_IRQHandler                      0x080001db   Thumb Code     0  startup_gd32f450_470.o(.text)
    CAN1_TX_IRQHandler                       0x080001db   Thumb Code     0  startup_gd32f450_470.o(.text)
    DCI_IRQHandler                           0x080001db   Thumb Code     0  startup_gd32f450_470.o(.text)
    DMA0_Channel0_IRQHandler                 0x080001db   Thumb Code     0  startup_gd32f450_470.o(.text)
    DMA0_Channel1_IRQHandler                 0x080001db   Thumb Code     0  startup_gd32f450_470.o(.text)
    DMA0_Channel2_IRQHandler                 0x080001db   Thumb Code     0  startup_gd32f450_470.o(.text)
    DMA0_Channel3_IRQHandler                 0x080001db   Thumb Code     0  startup_gd32f450_470.o(.text)
    DMA0_Channel4_IRQHandler                 0x080001db   Thumb Code     0  startup_gd32f450_470.o(.text)
    DMA0_Channel5_IRQHandler                 0x080001db   Thumb Code     0  startup_gd32f450_470.o(.text)
    DMA0_Channel6_IRQHandler                 0x080001db   Thumb Code     0  startup_gd32f450_470.o(.text)
    DMA0_Channel7_IRQHandler                 0x080001db   Thumb Code     0  startup_gd32f450_470.o(.text)
    DMA1_Channel0_IRQHandler                 0x080001db   Thumb Code     0  startup_gd32f450_470.o(.text)
    DMA1_Channel1_IRQHandler                 0x080001db   Thumb Code     0  startup_gd32f450_470.o(.text)
    DMA1_Channel2_IRQHandler                 0x080001db   Thumb Code     0  startup_gd32f450_470.o(.text)
    DMA1_Channel3_IRQHandler                 0x080001db   Thumb Code     0  startup_gd32f450_470.o(.text)
    DMA1_Channel4_IRQHandler                 0x080001db   Thumb Code     0  startup_gd32f450_470.o(.text)
    DMA1_Channel5_IRQHandler                 0x080001db   Thumb Code     0  startup_gd32f450_470.o(.text)
    DMA1_Channel6_IRQHandler                 0x080001db   Thumb Code     0  startup_gd32f450_470.o(.text)
    DMA1_Channel7_IRQHandler                 0x080001db   Thumb Code     0  startup_gd32f450_470.o(.text)
    ENET_IRQHandler                          0x080001db   Thumb Code     0  startup_gd32f450_470.o(.text)
    ENET_WKUP_IRQHandler                     0x080001db   Thumb Code     0  startup_gd32f450_470.o(.text)
    EXMC_IRQHandler                          0x080001db   Thumb Code     0  startup_gd32f450_470.o(.text)
    EXTI0_IRQHandler                         0x080001db   Thumb Code     0  startup_gd32f450_470.o(.text)
    EXTI10_15_IRQHandler                     0x080001db   Thumb Code     0  startup_gd32f450_470.o(.text)
    EXTI1_IRQHandler                         0x080001db   Thumb Code     0  startup_gd32f450_470.o(.text)
    EXTI2_IRQHandler                         0x080001db   Thumb Code     0  startup_gd32f450_470.o(.text)
    EXTI3_IRQHandler                         0x080001db   Thumb Code     0  startup_gd32f450_470.o(.text)
    EXTI4_IRQHandler                         0x080001db   Thumb Code     0  startup_gd32f450_470.o(.text)
    EXTI5_9_IRQHandler                       0x080001db   Thumb Code     0  startup_gd32f450_470.o(.text)
    FMC_IRQHandler                           0x080001db   Thumb Code     0  startup_gd32f450_470.o(.text)
    FPU_IRQHandler                           0x080001db   Thumb Code     0  startup_gd32f450_470.o(.text)
    I2C0_ER_IRQHandler                       0x080001db   Thumb Code     0  startup_gd32f450_470.o(.text)
    I2C0_EV_IRQHandler                       0x080001db   Thumb Code     0  startup_gd32f450_470.o(.text)
    I2C1_ER_IRQHandler                       0x080001db   Thumb Code     0  startup_gd32f450_470.o(.text)
    I2C1_EV_IRQHandler                       0x080001db   Thumb Code     0  startup_gd32f450_470.o(.text)
    I2C2_ER_IRQHandler                       0x080001db   Thumb Code     0  startup_gd32f450_470.o(.text)
    I2C2_EV_IRQHandler                       0x080001db   Thumb Code     0  startup_gd32f450_470.o(.text)
    IPA_IRQHandler                           0x080001db   Thumb Code     0  startup_gd32f450_470.o(.text)
    LVD_IRQHandler                           0x080001db   Thumb Code     0  startup_gd32f450_470.o(.text)
    RCU_CTC_IRQHandler                       0x080001db   Thumb Code     0  startup_gd32f450_470.o(.text)
    RTC_Alarm_IRQHandler                     0x080001db   Thumb Code     0  startup_gd32f450_470.o(.text)
    RTC_WKUP_IRQHandler                      0x080001db   Thumb Code     0  startup_gd32f450_470.o(.text)
    SDIO_IRQHandler                          0x080001db   Thumb Code     0  startup_gd32f450_470.o(.text)
    SPI0_IRQHandler                          0x080001db   Thumb Code     0  startup_gd32f450_470.o(.text)
    SPI1_IRQHandler                          0x080001db   Thumb Code     0  startup_gd32f450_470.o(.text)
    SPI2_IRQHandler                          0x080001db   Thumb Code     0  startup_gd32f450_470.o(.text)
    SPI3_IRQHandler                          0x080001db   Thumb Code     0  startup_gd32f450_470.o(.text)
    SPI4_IRQHandler                          0x080001db   Thumb Code     0  startup_gd32f450_470.o(.text)
    SPI5_IRQHandler                          0x080001db   Thumb Code     0  startup_gd32f450_470.o(.text)
    TAMPER_STAMP_IRQHandler                  0x080001db   Thumb Code     0  startup_gd32f450_470.o(.text)
    TIMER0_BRK_TIMER8_IRQHandler             0x080001db   Thumb Code     0  startup_gd32f450_470.o(.text)
    TIMER0_Channel_IRQHandler                0x080001db   Thumb Code     0  startup_gd32f450_470.o(.text)
    TIMER0_TRG_CMT_TIMER10_IRQHandler        0x080001db   Thumb Code     0  startup_gd32f450_470.o(.text)
    TIMER0_UP_TIMER9_IRQHandler              0x080001db   Thumb Code     0  startup_gd32f450_470.o(.text)
    TIMER1_IRQHandler                        0x080001db   Thumb Code     0  startup_gd32f450_470.o(.text)
    TIMER3_IRQHandler                        0x080001db   Thumb Code     0  startup_gd32f450_470.o(.text)
    TIMER4_IRQHandler                        0x080001db   Thumb Code     0  startup_gd32f450_470.o(.text)
    TIMER5_DAC_IRQHandler                    0x080001db   Thumb Code     0  startup_gd32f450_470.o(.text)
    TIMER6_IRQHandler                        0x080001db   Thumb Code     0  startup_gd32f450_470.o(.text)
    TIMER7_BRK_TIMER11_IRQHandler            0x080001db   Thumb Code     0  startup_gd32f450_470.o(.text)
    TIMER7_Channel_IRQHandler                0x080001db   Thumb Code     0  startup_gd32f450_470.o(.text)
    TIMER7_TRG_CMT_TIMER13_IRQHandler        0x080001db   Thumb Code     0  startup_gd32f450_470.o(.text)
    TIMER7_UP_TIMER12_IRQHandler             0x080001db   Thumb Code     0  startup_gd32f450_470.o(.text)
    TLI_ER_IRQHandler                        0x080001db   Thumb Code     0  startup_gd32f450_470.o(.text)
    TLI_IRQHandler                           0x080001db   Thumb Code     0  startup_gd32f450_470.o(.text)
    TRNG_IRQHandler                          0x080001db   Thumb Code     0  startup_gd32f450_470.o(.text)
    UART3_IRQHandler                         0x080001db   Thumb Code     0  startup_gd32f450_470.o(.text)
    UART4_IRQHandler                         0x080001db   Thumb Code     0  startup_gd32f450_470.o(.text)
    UART6_IRQHandler                         0x080001db   Thumb Code     0  startup_gd32f450_470.o(.text)
    UART7_IRQHandler                         0x080001db   Thumb Code     0  startup_gd32f450_470.o(.text)
    USART0_IRQHandler                        0x080001db   Thumb Code     0  startup_gd32f450_470.o(.text)
    USART1_IRQHandler                        0x080001db   Thumb Code     0  startup_gd32f450_470.o(.text)
    USART2_IRQHandler                        0x080001db   Thumb Code     0  startup_gd32f450_470.o(.text)
    USART5_IRQHandler                        0x080001db   Thumb Code     0  startup_gd32f450_470.o(.text)
    USBFS_IRQHandler                         0x080001db   Thumb Code     0  startup_gd32f450_470.o(.text)
    USBFS_WKUP_IRQHandler                    0x080001db   Thumb Code     0  startup_gd32f450_470.o(.text)
    USBHS_EP1_In_IRQHandler                  0x080001db   Thumb Code     0  startup_gd32f450_470.o(.text)
    USBHS_EP1_Out_IRQHandler                 0x080001db   Thumb Code     0  startup_gd32f450_470.o(.text)
    USBHS_IRQHandler                         0x080001db   Thumb Code     0  startup_gd32f450_470.o(.text)
    USBHS_WKUP_IRQHandler                    0x080001db   Thumb Code     0  startup_gd32f450_470.o(.text)
    WWDGT_IRQHandler                         0x080001db   Thumb Code     0  startup_gd32f450_470.o(.text)
    __aeabi_memcpy                           0x080001e5   Thumb Code    36  memcpya.o(.text)
    __aeabi_memcpy4                          0x080001e5   Thumb Code     0  memcpya.o(.text)
    __aeabi_memcpy8                          0x080001e5   Thumb Code     0  memcpya.o(.text)
    __aeabi_memset                           0x08000209   Thumb Code    14  memseta.o(.text)
    __aeabi_memset4                          0x08000209   Thumb Code     0  memseta.o(.text)
    __aeabi_memset8                          0x08000209   Thumb Code     0  memseta.o(.text)
    __aeabi_memclr                           0x08000217   Thumb Code     4  memseta.o(.text)
    __aeabi_memclr4                          0x08000217   Thumb Code     0  memseta.o(.text)
    __aeabi_memclr8                          0x08000217   Thumb Code     0  memseta.o(.text)
    _memset$wrapper                          0x0800021b   Thumb Code    18  memseta.o(.text)
    __scatterload                            0x0800022d   Thumb Code    28  init.o(.text)
    __scatterload_rt2                        0x0800022d   Thumb Code     0  init.o(.text)
    BusFault_Handler                         0x08000251   Thumb Code     4  gd32f4xx_it.o(i.BusFault_Handler)
    DebugMon_Handler                         0x08000255   Thumb Code     2  gd32f4xx_it.o(i.DebugMon_Handler)
    MemManage_Handler                        0x08000257   Thumb Code     4  gd32f4xx_it.o(i.MemManage_Handler)
    NMI_Handler                              0x0800025b   Thumb Code     2  gd32f4xx_it.o(i.NMI_Handler)
    PendSV_Handler                           0x0800025d   Thumb Code     2  gd32f4xx_it.o(i.PendSV_Handler)
    SVC_Handler                              0x0800025f   Thumb Code     2  gd32f4xx_it.o(i.SVC_Handler)
    SysTick_Handler                          0x08000261   Thumb Code     8  gd32f4xx_it.o(i.SysTick_Handler)
    SystemInit                               0x08000269   Thumb Code   194  system_gd32f4xx.o(i.SystemInit)
    TIMER2_IRQHandler                        0x0800033d   Thumb Code    22  md_app.o(i.TIMER2_IRQHandler)
    TimingDelay_Decrement                    0x08000359   Thumb Code    64  bsp_systick.o(i.TimingDelay_Decrement)
    UsageFault_Handler                       0x080003a9   Thumb Code     4  gd32f4xx_it.o(i.UsageFault_Handler)
    __scatterload_copy                       0x080003ad   Thumb Code    14  handlers.o(i.__scatterload_copy)
    __scatterload_null                       0x080003bb   Thumb Code     2  handlers.o(i.__scatterload_null)
    __scatterload_zeroinit                   0x080003bd   Thumb Code    14  handlers.o(i.__scatterload_zeroinit)
    bsp_init                                 0x080003cd   Thumb Code    26  md_app.o(i.bsp_init)
    bsp_time2_init                           0x080003f1   Thumb Code    80  bsp_time.o(i.bsp_time2_init)
    delay_us                                 0x08000445   Thumb Code    16  bsp_systick.o(i.delay_us)
    enet_buf_recv                            0x08000459   Thumb Code    32  md_enet.o(i.enet_buf_recv)
    enet_buf_recv_2                          0x08000479   Thumb Code    38  md_enet.o(i.enet_buf_recv_2)
    enet_buf_send                            0x0800049f   Thumb Code    22  md_enet.o(i.enet_buf_send)
    enet_deinit                              0x08000539   Thumb Code    24  gd32f4xx_enet.o(i.enet_deinit)
    enet_descriptors_chain_init              0x08000569   Thumb Code   162  gd32f4xx_enet.o(i.enet_descriptors_chain_init)
    enet_enable                              0x08000631   Thumb Code    12  gd32f4xx_enet.o(i.enet_enable)
    enet_frame_receive                       0x0800063d   Thumb Code   244  gd32f4xx_enet.o(i.enet_frame_receive)
    enet_frame_transmit                      0x0800073d   Thumb Code   196  gd32f4xx_enet.o(i.enet_frame_transmit)
    enet_init                                0x080009a5   Thumb Code   822  gd32f4xx_enet.o(i.enet_init)
    enet_initpara_reset                      0x08000d09   Thumb Code    36  gd32f4xx_enet.o(i.enet_initpara_reset)
    enet_mac_address_set                     0x08000d31   Thumb Code    42  gd32f4xx_enet.o(i.enet_mac_address_set)
    enet_phy_config                          0x08000de1   Thumb Code   184  gd32f4xx_enet.o(i.enet_phy_config)
    enet_phy_write_read                      0x08000eb9   Thumb Code   148  gd32f4xx_enet.o(i.enet_phy_write_read)
    enet_rx_desc_immediate_receive_complete_interrupt 0x08000f55   Thumb Code    10  gd32f4xx_enet.o(i.enet_rx_desc_immediate_receive_complete_interrupt)
    enet_rx_enable                           0x08000f61   Thumb Code    26  gd32f4xx_enet.o(i.enet_rx_enable)
    enet_rxframe_drop                        0x08000f85   Thumb Code   158  gd32f4xx_enet.o(i.enet_rxframe_drop)
    enet_rxframe_size_get                    0x08001031   Thumb Code   138  gd32f4xx_enet.o(i.enet_rxframe_size_get)
    enet_software_reset                      0x080010c9   Thumb Code    52  gd32f4xx_enet.o(i.enet_software_reset)
    enet_system_init                         0x08001105   Thumb Code    22  md_enet.o(i.enet_system_init)
    enet_transmit_checksum_config            0x0800111b   Thumb Code    16  gd32f4xx_enet.o(i.enet_transmit_checksum_config)
    enet_tx_enable                           0x0800112d   Thumb Code    32  gd32f4xx_enet.o(i.enet_tx_enable)
    enet_txfifo_flush                        0x08001155   Thumb Code    44  gd32f4xx_enet.o(i.enet_txfifo_flush)
    get_idx                                  0x08001189   Thumb Code    28  mecm_base.o(i.get_idx)
    get_mailbox_cnt                          0x080011a9   Thumb Code   116  mecm_mailbox.o(i.get_mailbox_cnt)
    get_pdo_map                              0x08001221   Thumb Code   204  mecm_coe.o(i.get_pdo_map)
    gpio_af_set                              0x080012f5   Thumb Code    94  gd32f4xx_gpio.o(i.gpio_af_set)
    gpio_bit_reset                           0x08001353   Thumb Code     4  gd32f4xx_gpio.o(i.gpio_bit_reset)
    gpio_bit_set                             0x08001357   Thumb Code     4  gd32f4xx_gpio.o(i.gpio_bit_set)
    gpio_mode_set                            0x0800135b   Thumb Code    78  gd32f4xx_gpio.o(i.gpio_mode_set)
    gpio_output_options_set                  0x080013a9   Thumb Code    66  gd32f4xx_gpio.o(i.gpio_output_options_set)
    main                                     0x080013eb   Thumb Code    12  main.o(i.main)
    mecm_APRD                                0x080013f9   Thumb Code   176  mecm_base.o(i.mecm_APRD)
    mecm_APWR                                0x080014b5   Thumb Code   176  mecm_base.o(i.mecm_APWR)
    mecm_BRD                                 0x08001571   Thumb Code   176  mecm_base.o(i.mecm_BRD)
    mecm_BWR                                 0x0800162d   Thumb Code   176  mecm_base.o(i.mecm_BWR)
    mecm_FPRD                                0x080016e9   Thumb Code   176  mecm_base.o(i.mecm_FPRD)
    mecm_FPWR                                0x080017a5   Thumb Code   176  mecm_base.o(i.mecm_FPWR)
    mecm_base_init                           0x08001861   Thumb Code    90  mecm_base.o(i.mecm_base_init)
    mecm_clear_port                          0x080018c9   Thumb Code    98  mecm_base.o(i.mecm_clear_port)
    mecm_communicate                         0x08001939   Thumb Code   160  mecm_base.o(i.mecm_communicate)
    mecm_config_init                         0x080019e1   Thumb Code    62  mecm_config.o(i.mecm_config_init)
    mecm_config_other                        0x08001a25   Thumb Code   608  mecm_config.o(i.mecm_config_other)
    mecm_current_time_us                     0x08001c8d   Thumb Code     8  mecm_port.o(i.mecm_current_time_us)
    mecm_data_recv                           0x08001c95   Thumb Code    62  mecm_port.o(i.mecm_data_recv)
    mecm_data_send                           0x08001cd3   Thumb Code    16  mecm_port.o(i.mecm_data_send)
    mecm_delay_us                            0x08001ce3   Thumb Code    12  mecm_port.o(i.mecm_delay_us)
    mecm_eeprom_findsii                      0x08001cf1   Thumb Code   102  mecm_eeprom.o(i.mecm_eeprom_findsii)
    mecm_eeprom_get_generals                 0x08001d5d   Thumb Code    92  mecm_eeprom.o(i.mecm_eeprom_get_generals)
    mecm_eeprom_get_sii_info                 0x08001dc1   Thumb Code   236  mecm_eeprom.o(i.mecm_eeprom_get_sii_info)
    mecm_eeprom_get_sm                       0x08001eb5   Thumb Code   144  mecm_eeprom.o(i.mecm_eeprom_get_sm)
    mecm_eeprom_get_strings                  0x08001f51   Thumb Code   198  mecm_eeprom.o(i.mecm_eeprom_get_strings)
    mecm_eeprom_master                       0x08002025   Thumb Code   112  mecm_eeprom.o(i.mecm_eeprom_master)
    mecm_eeprom_pdi                          0x08002099   Thumb Code    68  mecm_eeprom.o(i.mecm_eeprom_pdi)
    mecm_eeprom_read                         0x080020e1   Thumb Code   576  mecm_eeprom.o(i.mecm_eeprom_read)
    mecm_eeprom_read_buf                     0x08002325   Thumb Code   360  mecm_eeprom.o(i.mecm_eeprom_read_buf)
    mecm_eth0_init                           0x08002491   Thumb Code    14  mecm_port.o(i.mecm_eth0_init)
    mecm_fmmu_config                         0x080024a1   Thumb Code   286  mecm_fmmu.o(i.mecm_fmmu_config)
    mecm_fmmu_config_add                     0x080025c5   Thumb Code   294  mecm_fmmu.o(i.mecm_fmmu_config_add)
    mecm_get_eeprom_info                     0x080026f1   Thumb Code   328  mecm_config.o(i.mecm_get_eeprom_info)
    mecm_get_eeprom_info_all                 0x0800284d   Thumb Code    44  mecm_config.o(i.mecm_get_eeprom_info_all)
    mecm_get_pdo_size                        0x0800287d   Thumb Code   130  mecm_config.o(i.mecm_get_pdo_size)
    mecm_mailbox_recv                        0x08002909   Thumb Code   512  mecm_mailbox.o(i.mecm_mailbox_recv)
    mecm_mailbox_send                        0x08002b0d   Thumb Code   338  mecm_mailbox.o(i.mecm_mailbox_send)
    mecm_memery_init                         0x08002c65   Thumb Code    20  mecm_config.o(i.mecm_memery_init)
    mecm_processdata_all                     0x08002c81   Thumb Code   972  mecm_pdo.o(i.mecm_processdata_all)
    mecm_scan_slave                          0x0800306d   Thumb Code    94  mecm_config.o(i.mecm_scan_slave)
    mecm_set_configaddr                      0x080030d1   Thumb Code   126  mecm_config.o(i.mecm_set_configaddr)
    mecm_set_sm_fmmu_pdo                     0x08003159   Thumb Code    42  mecm_config.o(i.mecm_set_sm_fmmu_pdo)
    mecm_set_sm_fmmu_pdo1                    0x08003185   Thumb Code   768  mecm_config.o(i.mecm_set_sm_fmmu_pdo1)
    mecm_set_sm_fmmu_pdo2                    0x0800348d   Thumb Code   840  mecm_config.o(i.mecm_set_sm_fmmu_pdo2)
    mecm_set_sm_mailbox                      0x080037dd   Thumb Code   124  mecm_config.o(i.mecm_set_sm_mailbox)
    mecm_setup_datagram_logi                 0x08003861   Thumb Code   416  mecm_base.o(i.mecm_setup_datagram_logi)
    mecm_setup_datagram_np                   0x08003a09   Thumb Code   420  mecm_base.o(i.mecm_setup_datagram_np)
    mecm_sm_config                           0x08003bb5   Thumb Code   164  mecm_sm.o(i.mecm_sm_config)
    mecm_sm_config_add                       0x08003c5d   Thumb Code   190  mecm_sm.o(i.mecm_sm_config_add)
    mecm_state_change                        0x08003d21   Thumb Code    80  mecm_config.o(i.mecm_state_change)
    nvic_configuration                       0x08003d75   Thumb Code    32  bsp_sys.o(i.nvic_configuration)
    nvic_irq_enable                          0x08003d95   Thumb Code   186  gd32f4xx_misc.o(i.nvic_irq_enable)
    nvic_priority_group_set                  0x08003e59   Thumb Code    10  gd32f4xx_misc.o(i.nvic_priority_group_set)
    osal_current_time_us                     0x08003e6d   Thumb Code     6  bsp_systick.o(i.osal_current_time_us)
    rcu_clock_freq_get                       0x08003e79   Thumb Code   264  gd32f4xx_rcu.o(i.rcu_clock_freq_get)
    rcu_periph_clock_enable                  0x08003f9d   Thumb Code    32  gd32f4xx_rcu.o(i.rcu_periph_clock_enable)
    rcu_periph_reset_disable                 0x08003fc1   Thumb Code    32  gd32f4xx_rcu.o(i.rcu_periph_reset_disable)
    rcu_periph_reset_enable                  0x08003fe5   Thumb Code    32  gd32f4xx_rcu.o(i.rcu_periph_reset_enable)
    rcu_timer_clock_prescaler_config         0x08004009   Thumb Code    32  gd32f4xx_rcu.o(i.rcu_timer_clock_prescaler_config)
    sdo_read                                 0x0800402d   Thumb Code   804  mecm_coe.o(i.sdo_read)
    sgm_wdg_feed                             0x08004351   Thumb Code    48  bsp_iwdg.o(i.sgm_wdg_feed)
    sysTick_init                             0x08004389   Thumb Code    88  bsp_systick.o(i.sysTick_init)
    syscfg_enet_phy_interface_config         0x080043f1   Thumb Code    18  gd32f4xx_syscfg.o(i.syscfg_enet_phy_interface_config)
    test                                     0x0800450d   Thumb Code    30  md_app.o(i.test)
    timer_deinit                             0x08004531   Thumb Code   374  gd32f4xx_timer.o(i.timer_deinit)
    timer_enable                             0x080046b5   Thumb Code    10  gd32f4xx_timer.o(i.timer_enable)
    timer_init                               0x080046c1   Thumb Code   122  gd32f4xx_timer.o(i.timer_init)
    timer_interrupt_enable                   0x08004759   Thumb Code     8  gd32f4xx_timer.o(i.timer_interrupt_enable)
    timer_interrupt_flag_clear               0x08004761   Thumb Code     6  gd32f4xx_timer.o(i.timer_interrupt_flag_clear)
    timer_interrupt_flag_get                 0x08004767   Thumb Code    24  gd32f4xx_timer.o(i.timer_interrupt_flag_get)
    Region$$Table$$Base                      0x08004780   Number         0  anon$$obj.o(Region$$Table)
    Region$$Table$$Limit                     0x080047a0   Number         0  anon$$obj.o(Region$$Table)
    SystemCoreClock                          0x20000000   Data           4  system_gd32f4xx.o(.data)
    dma_current_txdesc                       0x20000004   Data           4  gd32f4xx_enet.o(.data)
    dma_current_rxdesc                       0x20000008   Data           4  gd32f4xx_enet.o(.data)
    dma_current_ptp_txdesc                   0x2000000c   Data           4  gd32f4xx_enet.o(.data)
    dma_current_ptp_rxdesc                   0x20000010   Data           4  gd32f4xx_enet.o(.data)
    mac                                      0x20000030   Data           6  md_enet.o(.data)
    mecm_slave_count                         0x20000044   Data           1  mecm_config.o(.data)
    eep_nsm                                  0x20000045   Data           1  mecm_eeprom.o(.data)
    rxdesc_tab                               0x20000060   Data          80  gd32f4xx_enet.o(.bss)
    txdesc_tab                               0x200000b0   Data          80  gd32f4xx_enet.o(.bss)
    rx_buff                                  0x20000100   Data        7620  gd32f4xx_enet.o(.bss)
    tx_buff                                  0x20001ec4   Data        7620  gd32f4xx_enet.o(.bss)
    recvbuf                                  0x20003cc4   Data        1600  md_app.o(.bss)
    mecm_port                                0x20004304   Data       15348  mecm_base.o(.bss)
    mecm_slave                               0x20008154   Data        3440  mecm_config.o(.bss)
    mapbuf                                   0x20008ec4   Data         100  mecm_config.o(.bss)
    eep_info                                 0x20008f28   Data          20  mecm_eeprom.o(.bss)
    eep_generals                             0x20008f3c   Data          32  mecm_eeprom.o(.bss)
    eep_strings                              0x20008f5c   Data          50  mecm_eeprom.o(.bss)
    eep_sm                                   0x20008f8e   Data          64  mecm_eeprom.o(.bss)
    __initial_sp                             0x20009800   Data           0  startup_gd32f450_470.o(STACK)



==============================================================================

Memory Map of the image

  Image Entry point : 0x080001ad

  Load Region LR_IROM1 (Base: 0x08000000, Size: 0x00004800, Max: 0x00300000, ABSOLUTE)

    Execution Region ER_IROM1 (Base: 0x08000000, Size: 0x000047a0, Max: 0x00300000, ABSOLUTE)

    Base Addr    Size         Type   Attr      Idx    E Section Name        Object

    0x08000000   0x000001ac   Data   RO            3    RESET               startup_gd32f450_470.o
    0x080001ac   0x00000000   Code   RO         6704  * .ARM.Collect$$$$00000000  mc_w.l(entry.o)
    0x080001ac   0x00000004   Code   RO         6717    .ARM.Collect$$$$00000001  mc_w.l(entry2.o)
    0x080001b0   0x00000004   Code   RO         6720    .ARM.Collect$$$$00000004  mc_w.l(entry5.o)
    0x080001b4   0x00000000   Code   RO         6722    .ARM.Collect$$$$00000008  mc_w.l(entry7b.o)
    0x080001b4   0x00000000   Code   RO         6724    .ARM.Collect$$$$0000000A  mc_w.l(entry8b.o)
    0x080001b4   0x00000008   Code   RO         6725    .ARM.Collect$$$$0000000B  mc_w.l(entry9a.o)
    0x080001bc   0x00000000   Code   RO         6727    .ARM.Collect$$$$0000000D  mc_w.l(entry10a.o)
    0x080001bc   0x00000000   Code   RO         6729    .ARM.Collect$$$$0000000F  mc_w.l(entry11a.o)
    0x080001bc   0x00000004   Code   RO         6718    .ARM.Collect$$$$00002712  mc_w.l(entry2.o)
    0x080001c0   0x00000024   Code   RO            4    .text               startup_gd32f450_470.o
    0x080001e4   0x00000024   Code   RO         6709    .text               mc_w.l(memcpya.o)
    0x08000208   0x00000024   Code   RO         6711    .text               mc_w.l(memseta.o)
    0x0800022c   0x00000024   Code   RO         6735    .text               mc_w.l(init.o)
    0x08000250   0x00000004   Code   RO           12    i.BusFault_Handler  gd32f4xx_it.o
    0x08000254   0x00000002   Code   RO           13    i.DebugMon_Handler  gd32f4xx_it.o
    0x08000256   0x00000004   Code   RO           14    i.MemManage_Handler  gd32f4xx_it.o
    0x0800025a   0x00000002   Code   RO           15    i.NMI_Handler       gd32f4xx_it.o
    0x0800025c   0x00000002   Code   RO           16    i.PendSV_Handler    gd32f4xx_it.o
    0x0800025e   0x00000002   Code   RO           17    i.SVC_Handler       gd32f4xx_it.o
    0x08000260   0x00000008   Code   RO           18    i.SysTick_Handler   gd32f4xx_it.o
    0x08000268   0x000000d4   Code   RO          265    i.SystemInit        system_gd32f4xx.o
    0x0800033c   0x0000001c   Code   RO         5956    i.TIMER2_IRQHandler  md_app.o
    0x08000358   0x00000050   Code   RO         5873    i.TimingDelay_Decrement  bsp_systick.o
    0x080003a8   0x00000004   Code   RO           19    i.UsageFault_Handler  gd32f4xx_it.o
    0x080003ac   0x0000000e   Code   RO         6739    i.__scatterload_copy  mc_w.l(handlers.o)
    0x080003ba   0x00000002   Code   RO         6740    i.__scatterload_null  mc_w.l(handlers.o)
    0x080003bc   0x0000000e   Code   RO         6741    i.__scatterload_zeroinit  mc_w.l(handlers.o)
    0x080003ca   0x00000002   PAD
    0x080003cc   0x00000024   Code   RO         5957    i.bsp_init          md_app.o
    0x080003f0   0x00000054   Code   RO         5926    i.bsp_time2_init    bsp_time.o
    0x08000444   0x00000014   Code   RO         5875    i.delay_us          bsp_systick.o
    0x08000458   0x00000020   Code   RO         6017    i.enet_buf_recv     md_enet.o
    0x08000478   0x00000026   Code   RO         6018    i.enet_buf_recv_2   md_enet.o
    0x0800049e   0x00000016   Code   RO         6019    i.enet_buf_send     md_enet.o
    0x080004b4   0x0000001c   Code   RO         6020    i.enet_clock_init   md_enet.o
    0x080004d0   0x00000068   Code   RO         1593    i.enet_default_init  gd32f4xx_enet.o
    0x08000538   0x00000018   Code   RO         1594    i.enet_deinit       gd32f4xx_enet.o
    0x08000550   0x00000018   Code   RO         1595    i.enet_delay        gd32f4xx_enet.o
    0x08000568   0x000000c8   Code   RO         1601    i.enet_descriptors_chain_init  gd32f4xx_enet.o
    0x08000630   0x0000000c   Code   RO         1608    i.enet_enable       gd32f4xx_enet.o
    0x0800063c   0x00000100   Code   RO         1618    i.enet_frame_receive  gd32f4xx_enet.o
    0x0800073c   0x000000cc   Code   RO         1619    i.enet_frame_transmit  gd32f4xx_enet.o
    0x08000808   0x0000019c   Code   RO         6021    i.enet_gpio_init    md_enet.o
    0x080009a4   0x00000364   Code   RO         1620    i.enet_init         gd32f4xx_enet.o
    0x08000d08   0x00000028   Code   RO         1622    i.enet_initpara_reset  gd32f4xx_enet.o
    0x08000d30   0x00000030   Code   RO         1628    i.enet_mac_address_set  gd32f4xx_enet.o
    0x08000d60   0x00000080   Code   RO         6022    i.enet_mac_dma_config  md_enet.o
    0x08000de0   0x000000d8   Code   RO         1638    i.enet_phy_config   gd32f4xx_enet.o
    0x08000eb8   0x0000009c   Code   RO         1639    i.enet_phy_write_read  gd32f4xx_enet.o
    0x08000f54   0x0000000a   Code   RO         1657    i.enet_rx_desc_immediate_receive_complete_interrupt  gd32f4xx_enet.o
    0x08000f5e   0x00000002   PAD
    0x08000f60   0x00000024   Code   RO         1659    i.enet_rx_enable    gd32f4xx_enet.o
    0x08000f84   0x000000ac   Code   RO         1660    i.enet_rxframe_drop  gd32f4xx_enet.o
    0x08001030   0x00000098   Code   RO         1661    i.enet_rxframe_size_get  gd32f4xx_enet.o
    0x080010c8   0x0000003c   Code   RO         1663    i.enet_software_reset  gd32f4xx_enet.o
    0x08001104   0x00000016   Code   RO         6023    i.enet_system_init  md_enet.o
    0x0800111a   0x00000010   Code   RO         1664    i.enet_transmit_checksum_config  gd32f4xx_enet.o
    0x0800112a   0x00000002   PAD
    0x0800112c   0x00000028   Code   RO         1666    i.enet_tx_enable    gd32f4xx_enet.o
    0x08001154   0x00000034   Code   RO         1667    i.enet_txfifo_flush  gd32f4xx_enet.o
    0x08001188   0x00000020   Code   RO         6128    i.get_idx           mecm_base.o
    0x080011a8   0x00000078   Code   RO         6642    i.get_mailbox_cnt   mecm_mailbox.o
    0x08001220   0x000000d4   Code   RO         6249    i.get_pdo_map       mecm_coe.o
    0x080012f4   0x0000005e   Code   RO         2789    i.gpio_af_set       gd32f4xx_gpio.o
    0x08001352   0x00000004   Code   RO         2790    i.gpio_bit_reset    gd32f4xx_gpio.o
    0x08001356   0x00000004   Code   RO         2791    i.gpio_bit_set      gd32f4xx_gpio.o
    0x0800135a   0x0000004e   Code   RO         2797    i.gpio_mode_set     gd32f4xx_gpio.o
    0x080013a8   0x00000042   Code   RO         2799    i.gpio_output_options_set  gd32f4xx_gpio.o
    0x080013ea   0x0000000c   Code   RO          201    i.main              main.o
    0x080013f6   0x00000002   PAD
    0x080013f8   0x000000bc   Code   RO         6129    i.mecm_APRD         mecm_base.o
    0x080014b4   0x000000bc   Code   RO         6130    i.mecm_APWR         mecm_base.o
    0x08001570   0x000000bc   Code   RO         6132    i.mecm_BRD          mecm_base.o
    0x0800162c   0x000000bc   Code   RO         6133    i.mecm_BWR          mecm_base.o
    0x080016e8   0x000000bc   Code   RO         6134    i.mecm_FPRD         mecm_base.o
    0x080017a4   0x000000bc   Code   RO         6135    i.mecm_FPWR         mecm_base.o
    0x08001860   0x00000068   Code   RO         6140    i.mecm_base_init    mecm_base.o
    0x080018c8   0x00000070   Code   RO         6141    i.mecm_clear_port   mecm_base.o
    0x08001938   0x000000a8   Code   RO         6142    i.mecm_communicate  mecm_base.o
    0x080019e0   0x00000044   Code   RO         6299    i.mecm_config_init  mecm_config.o
    0x08001a24   0x00000268   Code   RO         6300    i.mecm_config_other  mecm_config.o
    0x08001c8c   0x00000008   Code   RO         6075    i.mecm_current_time_us  mecm_port.o
    0x08001c94   0x0000003e   Code   RO         6076    i.mecm_data_recv    mecm_port.o
    0x08001cd2   0x00000010   Code   RO         6077    i.mecm_data_send    mecm_port.o
    0x08001ce2   0x0000000c   Code   RO         6079    i.mecm_delay_us     mecm_port.o
    0x08001cee   0x00000002   PAD
    0x08001cf0   0x0000006c   Code   RO         6449    i.mecm_eeprom_findsii  mecm_eeprom.o
    0x08001d5c   0x00000064   Code   RO         6450    i.mecm_eeprom_get_generals  mecm_eeprom.o
    0x08001dc0   0x000000f4   Code   RO         6451    i.mecm_eeprom_get_sii_info  mecm_eeprom.o
    0x08001eb4   0x0000009c   Code   RO         6452    i.mecm_eeprom_get_sm  mecm_eeprom.o
    0x08001f50   0x000000d4   Code   RO         6453    i.mecm_eeprom_get_strings  mecm_eeprom.o
    0x08002024   0x00000074   Code   RO         6454    i.mecm_eeprom_master  mecm_eeprom.o
    0x08002098   0x00000048   Code   RO         6455    i.mecm_eeprom_pdi   mecm_eeprom.o
    0x080020e0   0x00000244   Code   RO         6456    i.mecm_eeprom_read  mecm_eeprom.o
    0x08002324   0x0000016c   Code   RO         6457    i.mecm_eeprom_read_buf  mecm_eeprom.o
    0x08002490   0x0000000e   Code   RO         6080    i.mecm_eth0_init    mecm_port.o
    0x0800249e   0x00000002   PAD
    0x080024a0   0x00000124   Code   RO         6528    i.mecm_fmmu_config  mecm_fmmu.o
    0x080025c4   0x0000012c   Code   RO         6529    i.mecm_fmmu_config_add  mecm_fmmu.o
    0x080026f0   0x0000015c   Code   RO         6301    i.mecm_get_eeprom_info  mecm_config.o
    0x0800284c   0x00000030   Code   RO         6302    i.mecm_get_eeprom_info_all  mecm_config.o
    0x0800287c   0x0000008c   Code   RO         6303    i.mecm_get_pdo_size  mecm_config.o
    0x08002908   0x00000204   Code   RO         6643    i.mecm_mailbox_recv  mecm_mailbox.o
    0x08002b0c   0x00000158   Code   RO         6644    i.mecm_mailbox_send  mecm_mailbox.o
    0x08002c64   0x0000001c   Code   RO         6304    i.mecm_memery_init  mecm_config.o
    0x08002c80   0x000003ec   Code   RO         6667    i.mecm_processdata_all  mecm_pdo.o
    0x0800306c   0x00000064   Code   RO         6305    i.mecm_scan_slave   mecm_config.o
    0x080030d0   0x00000088   Code   RO         6306    i.mecm_set_configaddr  mecm_config.o
    0x08003158   0x0000002a   Code   RO         6307    i.mecm_set_sm_fmmu_pdo  mecm_config.o
    0x08003182   0x00000002   PAD
    0x08003184   0x00000308   Code   RO         6308    i.mecm_set_sm_fmmu_pdo1  mecm_config.o
    0x0800348c   0x00000350   Code   RO         6309    i.mecm_set_sm_fmmu_pdo2  mecm_config.o
    0x080037dc   0x00000084   Code   RO         6310    i.mecm_set_sm_mailbox  mecm_config.o
    0x08003860   0x000001a8   Code   RO         6144    i.mecm_setup_datagram_logi  mecm_base.o
    0x08003a08   0x000001ac   Code   RO         6145    i.mecm_setup_datagram_np  mecm_base.o
    0x08003bb4   0x000000a8   Code   RO         6686    i.mecm_sm_config    mecm_sm.o
    0x08003c5c   0x000000c4   Code   RO         6687    i.mecm_sm_config_add  mecm_sm.o
    0x08003d20   0x00000054   Code   RO         6311    i.mecm_state_change  mecm_config.o
    0x08003d74   0x00000020   Code   RO         5850    i.nvic_configuration  bsp_sys.o
    0x08003d94   0x000000c4   Code   RO         3362    i.nvic_irq_enable   gd32f4xx_misc.o
    0x08003e58   0x00000014   Code   RO         3363    i.nvic_priority_group_set  gd32f4xx_misc.o
    0x08003e6c   0x0000000c   Code   RO         5876    i.osal_current_time_us  bsp_systick.o
    0x08003e78   0x00000124   Code   RO         3567    i.rcu_clock_freq_get  gd32f4xx_rcu.o
    0x08003f9c   0x00000024   Code   RO         3586    i.rcu_periph_clock_enable  gd32f4xx_rcu.o
    0x08003fc0   0x00000024   Code   RO         3589    i.rcu_periph_reset_disable  gd32f4xx_rcu.o
    0x08003fe4   0x00000024   Code   RO         3590    i.rcu_periph_reset_enable  gd32f4xx_rcu.o
    0x08004008   0x00000024   Code   RO         3602    i.rcu_timer_clock_prescaler_config  gd32f4xx_rcu.o
    0x0800402c   0x00000324   Code   RO         6250    i.sdo_read          mecm_coe.o
    0x08004350   0x00000038   Code   RO         5807    i.sgm_wdg_feed      bsp_iwdg.o
    0x08004388   0x00000068   Code   RO         5877    i.sysTick_init      bsp_systick.o
    0x080043f0   0x00000018   Code   RO         4661    i.syscfg_enet_phy_interface_config  gd32f4xx_syscfg.o
    0x08004408   0x000000fc   Code   RO          266    i.system_clock_200m_25m_hxtal  system_gd32f4xx.o
    0x08004504   0x00000008   Code   RO          267    i.system_clock_config  system_gd32f4xx.o
    0x0800450c   0x00000024   Code   RO         5958    i.test              md_app.o
    0x08004530   0x00000184   Code   RO         4752    i.timer_deinit      gd32f4xx_timer.o
    0x080046b4   0x0000000a   Code   RO         4757    i.timer_enable      gd32f4xx_timer.o
    0x080046be   0x00000002   PAD
    0x080046c0   0x00000098   Code   RO         4767    i.timer_init        gd32f4xx_timer.o
    0x08004758   0x00000008   Code   RO         4774    i.timer_interrupt_enable  gd32f4xx_timer.o
    0x08004760   0x00000006   Code   RO         4775    i.timer_interrupt_flag_clear  gd32f4xx_timer.o
    0x08004766   0x00000018   Code   RO         4776    i.timer_interrupt_flag_get  gd32f4xx_timer.o
    0x0800477e   0x00000002   PAD
    0x08004780   0x00000020   Data   RO         6737    Region$$Table       anon$$obj.o


    Execution Region RW_IRAM1 (Base: 0x20000000, Size: 0x00009800, Max: 0x00030000, ABSOLUTE)

    Base Addr    Size         Type   Attr      Idx    E Section Name        Object

    0x20000000   0x00000004   Data   RW          268    .data               system_gd32f4xx.o
    0x20000004   0x00000014   Data   RW         1674    .data               gd32f4xx_enet.o
    0x20000018   0x00000001   Data   RW         5808    .data               bsp_iwdg.o
    0x20000019   0x00000007   PAD
    0x20000020   0x00000010   Data   RW         5878    .data               bsp_systick.o
    0x20000030   0x00000006   Data   RW         6024    .data               md_enet.o
    0x20000036   0x0000000e   Data   RW         6147    .data               mecm_base.o
    0x20000044   0x00000001   Data   RW         6314    .data               mecm_config.o
    0x20000045   0x00000001   Data   RW         6461    .data               mecm_eeprom.o
    0x20000046   0x00000002   PAD
    0x20000048   0x00000018   Data   RW         6668    .data               mecm_pdo.o
    0x20000060   0x00003c64   Zero   RW         1672    .bss                gd32f4xx_enet.o
    0x20003cc4   0x00000640   Zero   RW         5959    .bss                md_app.o
    0x20004304   0x00003bf4   Zero   RW         6146    .bss                mecm_base.o
    0x20007ef8   0x0000025c   Zero   RW         6255    .bss                mecm_coe.o
    0x20008154   0x00000dd4   Zero   RW         6313    .bss                mecm_config.o
    0x20008f28   0x000000d8   Zero   RW         6460    .bss                mecm_eeprom.o
    0x20009000   0x00000800   Zero   RW            1    STACK               startup_gd32f450_470.o


==============================================================================

Image component sizes


      Code (inc. data)   RO Data    RW Data    ZI Data      Debug   Object Name

        56          8          0          1          0        783   bsp_iwdg.o
        32          0          0          0          0        557   bsp_sys.o
       216         42          0         16          0      29588   bsp_systick.o
        84          4          0          0          0        609   bsp_time.o
      2690        242          0         20      15460      15762   gd32f4xx_enet.o
       246          0          0          0          0       3592   gd32f4xx_gpio.o
        28          0          0          0          0      84658   gd32f4xx_it.o
       216         20          0          0          0       1448   gd32f4xx_misc.o
       436         44          0          0          0       4047   gd32f4xx_rcu.o
        24          6          0          0          0        631   gd32f4xx_syscfg.o
       588         44          0          0          0       4304   gd32f4xx_timer.o
        12          0          0          0          0       5919   main.o
       100         22          0          0       1600       4492   md_app.o
       682         24          0          6          0       5633   md_enet.o
      2396        128          0         14      15348      12098   mecm_base.o
      1016          8          0          0        604       4365   mecm_coe.o
      3366        100          0          1       3540      13778   mecm_config.o
      1952         64          0          1        216      10815   mecm_eeprom.o
       592         12          0          0          0       1926   mecm_fmmu.o
       980         14          0          0          0       3810   mecm_mailbox.o
      1004         32          0         24          0       2335   mecm_pdo.o
       112          0          0          0          0       3762   mecm_port.o
       364         10          0          0          0       1806   mecm_sm.o
        36          8        428          0       2048        884   startup_gd32f450_470.o
       472         30          0          4          0       2627   system_gd32f4xx.o

    ----------------------------------------------------------------------
     17716        862        460         96      38816     220229   Object Totals
         0          0         32          0          0          0   (incl. Generated)
        16          0          0          9          0          0   (incl. Padding)

    ----------------------------------------------------------------------

      Code (inc. data)   RO Data    RW Data    ZI Data      Debug   Library Member Name

         0          0          0          0          0          0   entry.o
         0          0          0          0          0          0   entry10a.o
         0          0          0          0          0          0   entry11a.o
         8          4          0          0          0          0   entry2.o
         4          0          0          0          0          0   entry5.o
         0          0          0          0          0          0   entry7b.o
         0          0          0          0          0          0   entry8b.o
         8          4          0          0          0          0   entry9a.o
        30          0          0          0          0          0   handlers.o
        36          8          0          0          0         68   init.o
        36          0          0          0          0         68   memcpya.o
        36          0          0          0          0        108   memseta.o

    ----------------------------------------------------------------------
       160         16          0          0          0        244   Library Totals
         2          0          0          0          0          0   (incl. Padding)

    ----------------------------------------------------------------------

      Code (inc. data)   RO Data    RW Data    ZI Data      Debug   Library Name

       158         16          0          0          0        244   mc_w.l

    ----------------------------------------------------------------------
       160         16          0          0          0        244   Library Totals

    ----------------------------------------------------------------------

==============================================================================


      Code (inc. data)   RO Data    RW Data    ZI Data      Debug   

     17876        878        460         96      38816     209425   Grand Totals
     17876        878        460         96      38816     209425   ELF Image Totals
     17876        878        460         96          0          0   ROM Totals

==============================================================================

    Total RO  Size (Code + RO Data)                18336 (  17.91kB)
    Total RW  Size (RW Data + ZI Data)             38912 (  38.00kB)
    Total ROM Size (Code + RO Data + RW Data)      18432 (  18.00kB)

==============================================================================

